#
# There is insufficient memory for the Java Runtime Environment to continue.
# Native memory allocation (mmap) failed to map 65536 bytes. Error detail: Failed to commit metaspace.
# Possible reasons:
#   The system is out of physical RAM or swap space
#   This process is running with CompressedOops enabled, and the Java Heap may be blocking the growth of the native heap
# Possible solutions:
#   Reduce memory load on the system
#   Increase physical memory or swap space
#   Check if swap backing store is full
#   Decrease Java heap size (-Xmx/-Xms)
#   Decrease number of Java threads
#   Decrease Java thread stack sizes (-Xss)
#   Set larger code cache with -XX:ReservedCodeCacheSize=
#   JVM is running with Unscaled Compressed Oops mode in which the Java heap is
#     placed in the first 4GB address space. The Java Heap base address is the
#     maximum limit for the native heap growth. Please use -XX:HeapBaseMinAddress
#     to set the Java Heap base and to place the Java Heap above 4GB virtual address.
# This output file may be truncated or incomplete.
#
#  Out of Memory Error (virtualSpaceNode.cpp:113), pid=15232, tid=19604
#
# JRE version: OpenJDK Runtime Environment Temurin-21.0.12.1+1 (21.0.12.1+1) (build 21.0.12.1+1-LTS)
# Java VM: OpenJDK 64-Bit Server VM Temurin-21.0.12.1+1 (21.0.12.1+1-LTS, mixed mode, sharing, tiered, compressed oops, compressed class ptrs, parallel gc, windows-amd64)
# No core dump will be written. Minidumps are not enabled by default on client versions of Windows
#

---------------  S U M M A R Y ------------

Command Line: --add-modules=ALL-SYSTEM --add-opens=java.base/java.util=ALL-UNNAMED --add-opens=java.base/java.lang=ALL-UNNAMED --add-opens=java.base/sun.nio.fs=ALL-UNNAMED -Declipse.application=org.eclipse.jdt.ls.core.id1 -Dosgi.bundles.defaultStartLevel=4 -Declipse.product=org.eclipse.jdt.ls.core.product -Djava.import.generatesMetadataFilesAtProjectRoot=false -Dm2e.project.cache.size=50 -DDetectVMInstallationsJob.disabled=true -Dfile.encoding=utf8 -XX:+UseParallelGC -XX:GCTimeRatio=4 -XX:AdaptiveSizePolicyWeight=90 -Dsun.zip.disableMemoryMapping=true -Xmx2G -Xms100m -Xlog:disable -javaagent:c:\Users\shubh\.vscode\extensions\redhat.java-1.56.0-win32-x64\lombok\lombok-1.18.39-4050.jar -XX:+HeapDumpOnOutOfMemoryError -XX:HeapDumpPath=c:\Users\shubh\AppData\Roaming\Code\User\workspaceStorage\12dc6e6ea3342a5ba1499b86eaddf661\redhat.java -Daether.dependencyCollector.impl=bf c:\Users\shubh\.vscode\extensions\redhat.java-1.56.0-win32-x64\server\plugins\org.eclipse.equinox.launcher_1.8.0.v20260804-1928.jar -configuration c:\Users\shubh\AppData\Roaming\Code\User\globalStorage\redhat.java\1.56.0\config_win -data c:\Users\shubh\AppData\Roaming\Code\User\workspaceStorage\12dc6e6ea3342a5ba1499b86eaddf661\redhat.java\jdt_ws --stdio

Host: Intel(R) Core(TM) i3-10110U CPU @ 2.10GHz, 4 cores, 3G,  Windows 11 , 64 bit Build 26100 (10.0.26100.9472)
Time: Fri Sep 18 17:28:30 2026 India Standard Time elapsed time: 7.791528 seconds (0d 0h 0m 7s)

---------------  T H R E A D  ---------------

Current thread (0x000001f6f8c36c10):  JavaThread "Start Level: Equinox Container: 438846df-9a99-4833-84cb-54ddd3c71706" daemon [_thread_in_vm, id=19604, stack(0x0000000c48000000,0x0000000c48100000) (1024K)]

Stack: [0x0000000c48000000,0x0000000c48100000]
Native frames: (J=compiled Java code, j=interpreted, Vv=VM code, C=native code)
V  [jvm.dll+0x6d83e9]
V  [jvm.dll+0x8b5736]
V  [jvm.dll+0x8b7cee]
V  [jvm.dll+0x8b83d3]
V  [jvm.dll+0x284596]
V  [jvm.dll+0x8b147e]
V  [jvm.dll+0x679ad4]
V  [jvm.dll+0x1e849b]
V  [jvm.dll+0x1e825e]
V  [jvm.dll+0x67c3d2]
V  [jvm.dll+0x67c202]
V  [jvm.dll+0x67a4ae]
V  [jvm.dll+0x26e440]
V  [jvm.dll+0x684715]
V  [jvm.dll+0x21973e]
V  [jvm.dll+0x219be5]
V  [jvm.dll+0x21a5d8]
V  [jvm.dll+0x20f80e]
V  [jvm.dll+0x5b6a7f]
V  [jvm.dll+0x82f606]
V  [jvm.dll+0x4792f8]
V  [jvm.dll+0x47f128]
C  [java.dll+0x17ec]

Java frames: (J=compiled Java code, j=interpreted, Vv=VM code)
J 1112  java.lang.ClassLoader.defineClass1(Ljava/lang/ClassLoader;Ljava/lang/String;[BIILjava/security/ProtectionDomain;Ljava/lang/String;)Ljava/lang/Class; java.base@21.0.12.1 (0 bytes) @ 0x000001f687b33491 [0x000001f687b333c0+0x00000000000000d1]
J 1877 c1 java.lang.ClassLoader.defineClass(Ljava/lang/String;[BIILjava/security/ProtectionDomain;)Ljava/lang/Class; java.base@21.0.12.1 (43 bytes) @ 0x000001f68036f5fc [0x000001f68036f2a0+0x000000000000035c]
j  java.lang.ClassLoader.defineClass(Ljava/lang/String;Ljava/nio/ByteBuffer;Ljava/security/ProtectionDomain;)Ljava/lang/Class;+38 java.base@21.0.12.1
j  java.security.SecureClassLoader.defineClass(Ljava/lang/String;Ljava/nio/ByteBuffer;Ljava/security/CodeSource;)Ljava/lang/Class;+8 java.base@21.0.12.1
j  jdk.internal.loader.BuiltinClassLoader.defineClass(Ljava/lang/String;Ljdk/internal/loader/BuiltinClassLoader$LoadedModule;)Ljava/lang/Class;+127 java.base@21.0.12.1
j  jdk.internal.loader.BuiltinClassLoader.findClassInModuleOrNull(Ljdk/internal/loader/BuiltinClassLoader$LoadedModule;Ljava/lang/String;)Ljava/lang/Class;+9 java.base@21.0.12.1
j  jdk.internal.loader.BuiltinClassLoader.findClass(Ljava/lang/String;Ljava/lang/String;)Ljava/lang/Class;+42 java.base@21.0.12.1
j  java.lang.ClassLoader.loadClass(Ljava/lang/Module;Ljava/lang/String;)Ljava/lang/Class;+26 java.base@21.0.12.1
j  java.lang.Class.forName(Ljava/lang/Module;Ljava/lang/String;Ljava/lang/Class;)Ljava/lang/Class;+77 java.base@21.0.12.1
j  java.lang.Class.forName(Ljava/lang/Module;Ljava/lang/String;)Ljava/lang/Class;+17 java.base@21.0.12.1
j  sun.util.resources.provider.LocaleDataProvider.loadResourceBundle(Ljava/lang/String;)Ljava/util/ResourceBundle;+6 jdk.localedata@21.0.12.1
j  sun.util.resources.provider.LocaleDataProvider.getBundle(Ljava/lang/String;Ljava/util/Locale;)Ljava/util/ResourceBundle;+8 jdk.localedata@21.0.12.1
j  sun.util.resources.Bundles$2.run()Ljava/util/ResourceBundle;+36 java.base@21.0.12.1
j  sun.util.resources.Bundles$2.run()Ljava/lang/Object;+1 java.base@21.0.12.1
j  java.security.AccessController.executePrivileged(Ljava/security/PrivilegedAction;Ljava/security/AccessControlContext;Ljava/lang/Class;)Ljava/lang/Object;+29 java.base@21.0.12.1
j  java.security.AccessController.doPrivileged(Ljava/security/PrivilegedAction;)Ljava/lang/Object;+5 java.base@21.0.12.1
j  sun.util.resources.Bundles.loadBundleFromProviders(Ljava/lang/String;Ljava/util/Locale;Ljava/util/ServiceLoader;Lsun/util/resources/Bundles$CacheKey;)Ljava/util/ResourceBundle;+11 java.base@21.0.12.1
j  sun.util.resources.Bundles.findBundleOf(Lsun/util/resources/Bundles$CacheKey;Lsun/util/resources/Bundles$Strategy;Ljava/lang/String;Ljava/util/List;I)Ljava/util/ResourceBundle;+179 java.base@21.0.12.1
j  sun.util.resources.Bundles.loadBundleOf(Ljava/lang/String;Ljava/util/Locale;Lsun/util/resources/Bundles$Strategy;)Ljava/util/ResourceBundle;+112 java.base@21.0.12.1
j  sun.util.resources.Bundles.of(Ljava/lang/String;Ljava/util/Locale;Lsun/util/resources/Bundles$Strategy;)Ljava/util/ResourceBundle;+3 java.base@21.0.12.1
j  sun.util.resources.LocaleData$1.run()Ljava/util/ResourceBundle;+11 java.base@21.0.12.1
j  sun.util.resources.LocaleData$1.run()Ljava/lang/Object;+1 java.base@21.0.12.1
j  java.security.AccessController.executePrivileged(Ljava/security/PrivilegedAction;Ljava/security/AccessControlContext;Ljava/lang/Class;)Ljava/lang/Object;+29 java.base@21.0.12.1
j  java.security.AccessController.doPrivileged(Ljava/security/PrivilegedAction;)Ljava/lang/Object;+5 java.base@21.0.12.1
j  sun.util.resources.LocaleData.getBundle(Ljava/lang/String;Ljava/util/Locale;)Ljava/util/ResourceBundle;+9 java.base@21.0.12.1
j  sun.util.resources.LocaleData.getDateFormatData(Ljava/util/Locale;)Ljava/util/ResourceBundle;+26 java.base@21.0.12.1
j  java.text.DateFormatSymbols.initializeData(Ljava/util/Locale;)V+93 java.base@21.0.12.1
j  java.text.DateFormatSymbols.<init>(Ljava/util/Locale;)V+56 java.base@21.0.12.1
j  sun.util.locale.provider.DateFormatSymbolsProviderImpl.getInstance(Ljava/util/Locale;)Ljava/text/DateFormatSymbols;+17 java.base@21.0.12.1
j  java.text.DateFormatSymbols.getProviderInstance(Ljava/util/Locale;)Ljava/text/DateFormatSymbols;+14 java.base@21.0.12.1
j  java.text.DateFormatSymbols.getInstance(Ljava/util/Locale;)Ljava/text/DateFormatSymbols;+1 java.base@21.0.12.1
j  java.util.Formatter$FormatSpecifier.print(Ljava/util/Formatter;Ljava/lang/StringBuilder;Ljava/time/temporal/TemporalAccessor;CLjava/util/Locale;)Ljava/lang/Appendable;+1024 java.base@21.0.12.1
j  java.util.Formatter$FormatSpecifier.print(Ljava/util/Formatter;Ljava/time/temporal/TemporalAccessor;CLjava/util/Locale;)V+17 java.base@21.0.12.1
j  java.util.Formatter$FormatSpecifier.printDateTime(Ljava/util/Formatter;Ljava/lang/Object;Ljava/util/Locale;)V+135 java.base@21.0.12.1
j  java.util.Formatter$FormatSpecifier.print(Ljava/util/Formatter;Ljava/lang/Object;Ljava/util/Locale;)V+11 java.base@21.0.12.1
j  java.util.Formatter.format(Ljava/util/Locale;Ljava/lang/String;[Ljava/lang/Object;)Ljava/util/Formatter;+263 java.base@21.0.12.1
j  java.util.Formatter.format(Ljava/lang/String;[Ljava/lang/Object;)Ljava/util/Formatter;+7 java.base@21.0.12.1
j  java.lang.String.format(Ljava/lang/String;[Ljava/lang/Object;)Ljava/lang/String;+9 java.base@21.0.12.1
j  java.util.logging.SimpleFormatter.format(Ljava/util/logging/LogRecord;)Ljava/lang/String;+157 java.logging@21.0.12.1
j  java.util.logging.StreamHandler.publish0(Ljava/util/logging/LogRecord;)V+14 java.logging@21.0.12.1
j  java.util.logging.StreamHandler.publish(Ljava/util/logging/LogRecord;)V+9 java.logging@21.0.12.1
j  java.util.logging.ConsoleHandler.publish(Ljava/util/logging/LogRecord;)V+2 java.logging@21.0.12.1
j  java.util.logging.Logger.log(Ljava/util/logging/LogRecord;)V+90 java.logging@21.0.12.1
j  java.util.logging.Logger.doLog(Ljava/util/logging/LogRecord;)V+46 java.logging@21.0.12.1
j  java.util.logging.Logger.log(Ljava/util/logging/Level;Ljava/lang/String;Ljava/lang/Throwable;)V+29 java.logging@21.0.12.1
j  org.apache.aries.spifly.BaseActivator.log(Ljava/util/logging/Level;Ljava/lang/String;Ljava/lang/Throwable;)V+16
j  org.apache.aries.spifly.BaseActivator.log(Ljava/util/logging/Level;Ljava/lang/String;)V+4
j  org.apache.aries.spifly.ProviderBundleTrackerCustomizer.log(Ljava/util/logging/Level;Ljava/lang/String;)V+6
j  org.apache.aries.spifly.ProviderBundleTrackerCustomizer.addingBundle(Lorg/osgi/framework/Bundle;Lorg/osgi/framework/BundleEvent;)Ljava/util/List;+829
j  org.apache.aries.spifly.ProviderBundleTrackerCustomizer.addingBundle(Lorg/osgi/framework/Bundle;Lorg/osgi/framework/BundleEvent;)Ljava/lang/Object;+3
j  org.osgi.util.tracker.BundleTracker$Tracked.customizerAdding(Lorg/osgi/framework/Bundle;Lorg/osgi/framework/BundleEvent;)Ljava/lang/Object;+9
j  org.osgi.util.tracker.BundleTracker$Tracked.customizerAdding(Ljava/lang/Object;Ljava/lang/Object;)Ljava/lang/Object;+9
j  org.osgi.util.tracker.AbstractTracked.trackAdding(Ljava/lang/Object;Ljava/lang/Object;)V+8
j  org.osgi.util.tracker.AbstractTracked.trackInitial()V+90
j  org.osgi.util.tracker.BundleTracker.open()V+130
j  org.apache.aries.spifly.BaseActivator.start(Lorg/osgi/framework/BundleContext;Ljava/lang/String;)V+105
j  org.apache.aries.spifly.dynamic.DynamicWeavingActivator.start(Lorg/osgi/framework/BundleContext;)V+31
j  org.eclipse.osgi.internal.framework.BundleContextImpl$2.run()Ljava/lang/Void;+23
j  org.eclipse.osgi.internal.framework.BundleContextImpl$2.run()Ljava/lang/Object;+1
J 1140 c1 java.security.AccessController.executePrivileged(Ljava/security/PrivilegedExceptionAction;Ljava/security/AccessControlContext;Ljava/lang/Class;)Ljava/lang/Object; java.base@21.0.12.1 (65 bytes) @ 0x000001f6801d44c4 [0x000001f6801d4360+0x0000000000000164]
j  java.security.AccessController.doPrivileged(Ljava/security/PrivilegedExceptionAction;)Ljava/lang/Object;+9 java.base@21.0.12.1
j  org.eclipse.osgi.internal.framework.BundleContextImpl.startActivator(Lorg/osgi/framework/BundleActivator;)V+9
j  org.eclipse.osgi.internal.framework.BundleContextImpl.start()V+141
j  org.eclipse.osgi.internal.framework.EquinoxBundle.startWorker0()V+35
j  org.eclipse.osgi.internal.framework.EquinoxBundle$EquinoxModule.startWorker()V+4
j  org.eclipse.osgi.container.Module.doStart([Lorg/eclipse/osgi/container/Module$StartOptions;)Lorg/eclipse/osgi/container/ModuleContainerAdaptor$ModuleEvent;+200
j  org.eclipse.osgi.container.Module.start([Lorg/eclipse/osgi/container/Module$StartOptions;)V+460
j  org.eclipse.osgi.container.ModuleContainer$ContainerStartLevel$2.run()V+83
j  org.eclipse.osgi.internal.framework.EquinoxContainerAdaptor$1$1.execute(Ljava/lang/Runnable;)V+1
j  org.eclipse.osgi.container.ModuleContainer$ContainerStartLevel.incStartLevel(ILjava/util/List;Z)V+193
j  org.eclipse.osgi.container.ModuleContainer$ContainerStartLevel.incStartLevel(ILjava/util/List;Ljava/util/List;Ljava/util/List;Ljava/util/List;)V+19
j  org.eclipse.osgi.container.ModuleContainer$ContainerStartLevel.doContainerStartLevel(Lorg/eclipse/osgi/container/Module;I[Lorg/osgi/framework/FrameworkListener;)V+358
j  org.eclipse.osgi.container.ModuleContainer$ContainerStartLevel.dispatchEvent(Lorg/eclipse/osgi/container/Module;[Lorg/osgi/framework/FrameworkListener;ILjava/lang/Integer;)V+32
j  org.eclipse.osgi.container.ModuleContainer$ContainerStartLevel.dispatchEvent(Ljava/lang/Object;Ljava/lang/Object;ILjava/lang/Object;)V+15
j  org.eclipse.osgi.framework.eventmgr.EventManager.dispatchEvent(Ljava/util/Set;Lorg/eclipse/osgi/framework/eventmgr/EventDispatcher;ILjava/lang/Object;)V+48
j  org.eclipse.osgi.framework.eventmgr.EventManager$EventThread.run()V+26
v  ~StubRoutines::call_stub 0x000001f68753100d

Compiled method (n/a) 7953 1112     n 0       java.lang.ClassLoader::defineClass1 (native)
 total in heap  [0x000001f687b33210,0x000001f687b33698] = 1160
 relocation     [0x000001f687b33370,0x000001f687b333a8] = 56
 main code      [0x000001f687b333c0,0x000001f687b33696] = 726
 stub code      [0x000001f687b33696,0x000001f687b33698] = 2

[Constant Pool (empty)]

[MachCode]
[Entry Point]
  # {method} {0x000001f68f434c38} 'defineClass1' '(Ljava/lang/ClassLoader;Ljava/lang/String;[BIILjava/security/ProtectionDomain;Ljava/lang/String;)Ljava/lang/Class;' in 'java/lang/ClassLoader'
  # parm0:    rdx:rdx   = 'java/lang/ClassLoader'
  # parm1:    r8:r8     = 'java/lang/String'
  # parm2:    r9:r9     = '[B'
  # parm3:    rdi       = int
  # parm4:    rsi       = int
  # parm5:    rcx:rcx   = 'java/security/ProtectionDomain'
  # parm6:    [sp+0xa0]   = 'java/lang/String'  (sp of caller)
  0x000001f687b333c0: 448b 5208 | 49bb 0000 | 008f f601 | 0000 4d03 | d349 3bc2 | 0f84 0600 

  0x000001f687b333d8: ;   {runtime_call ic_miss_stub}
  0x000001f687b333d8: 0000 e9a1 | b0a4 ff90 
[Verified Entry Point]
  0x000001f687b333e0: 8984 2400 | 80ff ff55 | 488b ec48 | 81ec 9000 | 0000 6690 | 4181 7f20 | 0100 0000 

  0x000001f687b333fc: ;   {runtime_call StubRoutines (final stubs)}
  0x000001f687b333fc: 7405 e8dd | 55a3 ff48 | 837d 1000 | 488d 4510 | 480f 4445 | 1048 8944 | 2440 4889 | 4c24 7048 
  0x000001f687b3341c: 83f9 0048 | 8d44 2470 | 480f 4444 | 2470 4889 | 4424 3848 | 8974 2430 | 4889 7c24 | 284c 894c 
  0x000001f687b3343c: 2458 4983 | f900 488d | 4424 5848 | 0f44 4424 | 5848 8944 | 2420 4c89 | 4424 5049 | 83f8 004c 
  0x000001f687b3345c: 8d4c 2450 | 4c0f 444c | 2450 4889 | 5424 4848 | 83fa 004c | 8d44 2448 | 4c0f 4444 

  0x000001f687b33478: ;   {oop(a 'java/lang/Class'{0x0000000080000f60} = 'java/lang/ClassLoader')}
  0x000001f687b33478: 2448 49be | 600f 0080 | 0000 0000 | 4c89 7424 | 784c 8d74 | 2478 498b | d6c5 f877 

  0x000001f687b33494: ;   {internal_word}
  0x000001f687b33494: 49ba 9134 | b387 f601 | 0000 4d89 | 97a8 0300 | 0049 89a7 | a003 0000 

  0x000001f687b334ac: ;   {external_word}
  0x000001f687b334ac: 49ba 066d | 3a17 f87f | 0000 4180 | 3a00 0f84 | 4e00 0000 | 5241 5041 

  0x000001f687b334c4: ;   {metadata({method} {0x000001f68f434c38} 'defineClass1' '(Ljava/lang/ClassLoader;Ljava/lang/String;[BIILjava/security/ProtectionDomain;Ljava/lang/String;)Ljava/lang/Class;' in 'java/lang/ClassLoader')}
  0x000001f687b334c4: 5148 ba30 | 4c43 8ff6 | 0100 0049 | 8bcf 4883 | ec20 40f6 | c40f 0f84 | 1900 0000 | 4883 ec08 
  0x000001f687b334e4: ;   {runtime_call}
  0x000001f687b334e4: 48b8 e0ea | e316 f87f | 0000 ffd0 | 4883 c408 | e90c 0000 

  0x000001f687b334f8: ;   {runtime_call}
  0x000001f687b334f8: 0048 b8e0 | eae3 16f8 | 7f00 00ff | d048 83c4 | 2041 5941 | 585a 498d | 8fc0 0300 | 0041 c787 
  0x000001f687b33518: 4c04 0000 | 0400 0000 

  0x000001f687b33520: ;   {runtime_call}
  0x000001f687b33520: 48b8 ac16 | 5d51 f87f | 0000 ffd0 | c5f8 7741 | c787 4c04 | 0000 0500 | 0000 f083 | 4424 c000 
  0x000001f687b33540: 493b af50 | 0400 000f | 870e 0000 | 0041 83bf | 4804 0000 | 000f 842b | 0000 00c5 | f877 4889 
  0x000001f687b33560: 45f8 498b | cf4c 8be4 | 4883 ec20 | 4883 e4f0 

  0x000001f687b33570: ;   {runtime_call}
  0x000001f687b33570: 48b8 0058 | af16 f87f | 0000 ffd0 | 498b e44d | 33e4 488b | 45f8 41c7 | 874c 0400 | 0008 0000 
  0x000001f687b33590: 0041 83bf | c804 0000 | 020f 84ca 

  0x000001f687b3359c: ;   {external_word}
  0x000001f687b3359c: 0000 0049 | ba06 6d3a | 17f8 7f00 | 0041 803a | 000f 844c | 0000 0048 

  0x000001f687b335b4: ;   {metadata({method} {0x000001f68f434c38} 'defineClass1' '(Ljava/lang/ClassLoader;Ljava/lang/String;[BIILjava/security/ProtectionDomain;Ljava/lang/String;)Ljava/lang/Class;' in 'java/lang/ClassLoader')}
  0x000001f687b335b4: 8945 f848 | ba30 4c43 | 8ff6 0100 | 0049 8bcf | 4883 ec20 | 40f6 c40f | 0f84 1900 | 0000 4883 
  0x000001f687b335d4: ;   {runtime_call}
  0x000001f687b335d4: ec08 48b8 | e0ea e316 | f87f 0000 | ffd0 4883 | c408 e90c 

  0x000001f687b335e8: ;   {runtime_call}
  0x000001f687b335e8: 0000 0048 | b8e0 eae3 | 16f8 7f00 | 00ff d048 | 83c4 2048 | 8b45 f849 | c787 a003 | 0000 0000 
  0x000001f687b33608: 0000 49c7 | 87a8 0300 | 0000 0000 | 00c5 f877 | 4885 c00f | 8425 0000 | 00a8 030f | 8508 0000 
  0x000001f687b33628: 0048 8b00 | e915 0000 | 00a8 010f | 8509 0000 | 0048 8b40 | fee9 0400 | 0000 488b | 40ff 498b 
  0x000001f687b33648: 8f30 0400 | 00c7 8100 | 0100 0000 | 0000 00c9 | 4983 7f08 | 000f 8501 | 0000 00c3 

  0x000001f687b33664: ;   {runtime_call StubRoutines (initial stubs)}
  0x000001f687b33664: e997 d89f | ffc5 f877 | 4889 45f8 | 4c8b e448 | 83ec 2048 

  0x000001f687b33678: ;   {runtime_call}
  0x000001f687b33678: 83e4 f048 | b830 22e4 | 16f8 7f00 | 00ff d049 | 8be4 4d33 | e448 8b45 | f8e9 09ff | ffff f4f4 
[/MachCode]


Compiled method (c1) 7968 1877       3       java.lang.ClassLoader::defineClass (43 bytes)
 total in heap  [0x000001f68036f090,0x000001f68036f9f0] = 2400
 relocation     [0x000001f68036f1f0,0x000001f68036f290] = 160
 main code      [0x000001f68036f2a0,0x000001f68036f740] = 1184
 stub code      [0x000001f68036f740,0x000001f68036f7b8] = 120
 metadata       [0x000001f68036f7b8,0x000001f68036f7e8] = 48
 scopes data    [0x000001f68036f7e8,0x000001f68036f8d8] = 240
 scopes pcs     [0x000001f68036f8d8,0x000001f68036f9b8] = 224
 dependencies   [0x000001f68036f9b8,0x000001f68036f9c8] = 16
 nul chk table  [0x000001f68036f9c8,0x000001f68036f9f0] = 40

[Constant Pool (empty)]

[MachCode]
[Entry Point]
  # {method} {0x000001f68f434fb8} 'defineClass' '(Ljava/lang/String;[BIILjava/security/ProtectionDomain;)Ljava/lang/Class;' in 'java/lang/ClassLoader'
  # this:     rdx:rdx   = 'java/lang/ClassLoader'
  # parm0:    r8:r8     = 'java/lang/String'
  # parm1:    r9:r9     = '[B'
  # parm2:    rdi       = int
  # parm3:    rsi       = int
  # parm4:    rcx:rcx   = 'java/security/ProtectionDomain'
  #           [sp+0xc0]  (sp of caller)
  0x000001f68036f2a0: 448b 5208 | 49bb 0000 | 008f f601 | 0000 4d03 | d34c 3bd0 

  0x000001f68036f2b4: ;   {runtime_call ic_miss_stub}
  0x000001f68036f2b4: 0f85 c6f1 | 2007 660f | 1f44 0000 
[Verified Entry Point]
  0x000001f68036f2c0: 8984 2400 | 80ff ff55 | 4881 ecb0 | 0000 0090 | 4181 7f20 | 0100 0000 

  0x000001f68036f2d8: ;   {runtime_call StubRoutines (final stubs)}
  0x000001f68036f2d8: 7405 e801 | 971f 0748 | 8954 2478 

  0x000001f68036f2e4: ;   {metadata(method data for {method} {0x000001f68f434fb8} 'defineClass' '(Ljava/lang/String;[BIILjava/security/ProtectionDomain;)Ljava/lang/Class;' in 'java/lang/ClassLoader')}
  0x000001f68036f2e4: 48bb 88c0 | 37f9 f601 | 0000 8b83 | cc00 0000 | 83c0 0289 | 83cc 0000 | 0025 fe07 | 0000 85c0 
  0x000001f68036f304: 0f84 5803 | 0000 89b4 | 2494 0000 | 0089 bc24 | 9000 0000 | 4c89 8c24 | 8800 0000 

  0x000001f68036f320: ;   {metadata(method data for {method} {0x000001f68f434fb8} 'defineClass' '(Ljava/lang/String;[BIILjava/security/ProtectionDomain;)Ljava/lang/Class;' in 'java/lang/ClassLoader')}
  0x000001f68036f320: 488b da48 | b888 c037 | f9f6 0100 | 0048 8380 | 1001 0000 | 0149 8bd8 | 4c8b c34c | 8bc9 488b 
  0x000001f68036f340: ca48 8bd1 | 4889 9c24 | 8000 0000 

  0x000001f68036f34c: ;   {optimized virtual_call}
  0x000001f68036f34c: 6666 90e8 

  0x000001f68036f350: ; ImmutableOopMap {[120]=Oop [128]=Oop [136]=Oop }
                      ;*invokevirtual preDefineClass {reexecute=0 rethrow=0 return_oop=0}
                      ; - java.lang.ClassLoader::defineClass@4
  0x000001f68036f350: 8c3c ecff 

  0x000001f68036f354: ;   {other}
  0x000001f68036f354: 0f1f 8400 | c402 0000 | 4889 8424 | 9800 0000 | 488b 5424 

  0x000001f68036f368: ;   {metadata(method data for {method} {0x000001f68f434fb8} 'defineClass' '(Ljava/lang/String;[BIILjava/security/ProtectionDomain;)Ljava/lang/Class;' in 'java/lang/ClassLoader')}
  0x000001f68036f368: 7849 b888 | c037 f9f6 | 0100 0049 | 8380 4801 

  0x000001f68036f378: ;   {metadata(method data for {method} {0x000001f68f434ca0} 'defineClassSourceLocation' '(Ljava/security/ProtectionDomain;)Ljava/lang/String;' in 'java/lang/ClassLoader')}
  0x000001f68036f378: 0000 0149 | b8a0 c737 | f9f6 0100 | 0041 8b90 | cc00 0000 | 83c2 0241 | 8990 cc00 | 0000 81e2 
  0x000001f68036f398: feff 1f00 | 85d2 0f84 | df02 0000 

  0x000001f68036f3a4: ; implicit exception: dispatches to 0x000001f68036f6a4
  0x000001f68036f3a4: 483b 004c 

  0x000001f68036f3a8: ;   {metadata(method data for {method} {0x000001f68f434ca0} 'defineClassSourceLocation' '(Ljava/security/ProtectionDomain;)Ljava/lang/String;' in 'java/lang/ClassLoader')}
  0x000001f68036f3a8: 8bc0 48ba | a0c7 37f9 | f601 0000 | 4883 8210 | 0100 0001 | 448b 4010 

  0x000001f68036f3c0: ;   {metadata(method data for {method} {0x000001f68f434ca0} 'defineClassSourceLocation' '(Ljava/security/ProtectionDomain;)Ljava/lang/String;' in 'java/lang/ClassLoader')}
  0x000001f68036f3c0: 4d85 c048 | baa0 c737 | f9f6 0100 | 0048 c7c6 | 5801 0000 | 7507 48c7 | c648 0100 | 0048 8b3c 
  0x000001f68036f3e0: 3248 8d7f | 0148 893c | 320f 850f 

  0x000001f68036f3ec: ;   {oop(nullptr)}
  0x000001f68036f3ec: 0000 0048 | bb00 0000 | 0000 0000 | 00e9 a901 | 0000 493b | 0049 8bd0 

  0x000001f68036f404: ;   {metadata(method data for {method} {0x000001f68f434ca0} 'defineClassSourceLocation' '(Ljava/security/ProtectionDomain;)Ljava/lang/String;' in 'java/lang/ClassLoader')}
  0x000001f68036f404: 48be a0c7 | 37f9 f601 | 0000 4883 | 8668 0100 | 0001 418b | 500c 4885 

  0x000001f68036f41c: ;   {metadata(method data for {method} {0x000001f68f434ca0} 'defineClassSourceLocation' '(Ljava/security/ProtectionDomain;)Ljava/lang/String;' in 'java/lang/ClassLoader')}
  0x000001f68036f41c: d248 bea0 | c737 f9f6 | 0100 0048 | c7c7 b001 | 0000 7507 | 48c7 c7a0 | 0100 0048 | 8b1c 3e48 
  0x000001f68036f43c: 8d5b 0148 | 891c 3e0f | 850f 0000 

  0x000001f68036f448: ;   {oop(nullptr)}
  0x000001f68036f448: 0048 bb00 | 0000 0000 | 0000 00e9 | 4f01 0000 

  0x000001f68036f458: ;   {metadata(method data for {method} {0x000001f68f434ca0} 'defineClassSourceLocation' '(Ljava/security/ProtectionDomain;)Ljava/lang/String;' in 'java/lang/ClassLoader')}
  0x000001f68036f458: 48be a0c7 | 37f9 f601 | 0000 4883 | 86c0 0100 | 0001 483b | 024c 8bc2 

  0x000001f68036f470: ;   {metadata(method data for {method} {0x000001f68f434ca0} 'defineClassSourceLocation' '(Ljava/security/ProtectionDomain;)Ljava/lang/String;' in 'java/lang/ClassLoader')}
  0x000001f68036f470: 48be a0c7 | 37f9 f601 | 0000 4883 | 86f8 0100 

  0x000001f68036f480: ;   {metadata(method data for {method} {0x000001f68f01abf0} 'toString' '()Ljava/lang/String;' in 'java/net/URL')}
  0x000001f68036f480: 0001 49b8 | 70bb 37f9 | f601 0000 | 418b b0cc | 0000 0083 | c602 4189 | b0cc 0000 | 0081 e6fe 
  0x000001f68036f4a0: ff1f 0085 | f60f 8408 | 0200 004c 

  0x000001f68036f4ac: ;   {metadata(method data for {method} {0x000001f68f01abf0} 'toString' '()Ljava/lang/String;' in 'java/net/URL')}
  0x000001f68036f4ac: 8bc2 48be | 70bb 37f9 | f601 0000 | 4883 8610 | 0100 0001 

  0x000001f68036f4c0: ;   {metadata(method data for {method} {0x000001f68f428840} 'toExternalForm' '()Ljava/lang/String;' in 'java/net/URL')}
  0x000001f68036f4c0: 49b8 9050 | 37f9 f601 | 0000 418b | b0cc 0000 | 0083 c602 | 4189 b0cc | 0000 0081 | e6fe ff1f 
  0x000001f68036f4e0: 0085 f60f | 84eb 0100 | 008b 7238 

  0x000001f68036f4ec: ; implicit exception: dispatches to 0x000001f68036f6f5
  0x000001f68036f4ec: 483b 064c 

  0x000001f68036f4f0: ;   {metadata(method data for {method} {0x000001f68f428840} 'toExternalForm' '()Ljava/lang/String;' in 'java/net/URL')}
  0x000001f68036f4f0: 8bc6 48bf | 9050 37f9 | f601 0000 | 458b 4008 | 49ba 0000 | 008f f601 | 0000 4d03 | c24c 3b87 
  0x000001f68036f510: 2001 0000 | 750d 4883 | 8728 0100 | 0001 e960 | 0000 004c | 3b87 3001 | 0000 750d | 4883 8738 
  0x000001f68036f530: 0100 0001 | e94a 0000 | 0048 83bf | 2001 0000 | 0075 174c | 8987 2001 | 0000 48c7 | 8728 0100 
  0x000001f68036f550: 0001 0000 | 00e9 2900 | 0000 4883 | bf30 0100 | 0000 7517 | 4c89 8730 | 0100 0048 | c787 3801 
  0x000001f68036f570: 0000 0100 | 0000 e908 | 0000 0048 | 8387 1001 | 0000 014c | 8bc2 488b | d60f 1f40 | 0048 b850 
  0x000001f68036f590: 3421 8ff6 

  0x000001f68036f594: ;   {virtual_call}
  0x000001f68036f594: 0100 00e8 

  0x000001f68036f598: ; ImmutableOopMap {[120]=Oop [128]=Oop [136]=Oop [152]=Oop }
                      ;*invokevirtual toExternalForm {reexecute=0 rethrow=0 return_oop=0}
                      ; - java.net.URL::toExternalForm@5
                      ; - java.net.URL::toString@1
                      ; - java.lang.ClassLoader::defineClassSourceLocation@22
                      ; - java.lang.ClassLoader::defineClass@12
  0x000001f68036f598: c4ca 2007 

  0x000001f68036f59c: ;   {other}
  0x000001f68036f59c: 0f1f 8400 | 0c05 0001 | 488b d848 | 8b84 2498 | 0000 008b | b424 9400 | 0000 8bbc | 2490 0000 
  0x000001f68036f5bc: 004c 8b8c | 2488 0000 | 004c 8b84 | 2480 0000 | 0048 8b54 

  0x000001f68036f5d0: ;   {metadata(method data for {method} {0x000001f68f434fb8} 'defineClass' '(Ljava/lang/String;[BIILjava/security/ProtectionDomain;)Ljava/lang/Class;' in 'java/lang/ClassLoader')}
  0x000001f68036f5d0: 2478 48b9 | 88c0 37f9 | f601 0000 | 4883 8180 | 0100 0001 | 4c8b da49 | 8bd3 488b | c848 891c 
  0x000001f68036f5f0: 2466 0f1f 

  0x000001f68036f5f4: ;   {static_call}
  0x000001f68036f5f4: 4400 00e8 

  0x000001f68036f5f8: ; ImmutableOopMap {[120]=Oop [152]=Oop }
                      ;*invokestatic defineClass1 {reexecute=0 rethrow=0 return_oop=0}
                      ; - java.lang.ClassLoader::defineClass@27
  0x000001f68036f5f8: e43d 7c07 

  0x000001f68036f5fc: ;   {other}
  0x000001f68036f5fc: 0f1f 8400 | 6c05 0002 | 488b 5424 

  0x000001f68036f608: ;   {metadata(method data for {method} {0x000001f68f434fb8} 'defineClass' '(Ljava/lang/String;[BIILjava/security/ProtectionDomain;)Ljava/lang/Class;' in 'java/lang/ClassLoader')}
  0x000001f68036f608: 7849 b888 | c037 f9f6 | 0100 0049 | 8380 9001 | 0000 014c | 8bc0 4c8b | 8c24 9800 | 0000 488b 
  0x000001f68036f628: 5424 7848 | 8984 24a0 | 0000 000f 

  0x000001f68036f634: ;   {optimized virtual_call}
  0x000001f68036f634: 1f40 00e8 

  0x000001f68036f638: ; ImmutableOopMap {[160]=Oop }
                      ;*invokevirtual postDefineClass {reexecute=0 rethrow=0 return_oop=0}
                      ; - java.lang.ClassLoader::defineClass@37
  0x000001f68036f638: e456 f6ff 

  0x000001f68036f63c: ;   {other}
  0x000001f68036f63c: 0f1f 8400 | ac05 0003 | 488b 8424 | a000 0000 | 4881 c4b0 | 0000 005d 

  0x000001f68036f654: ;   {poll_return}
  0x000001f68036f654: 493b a750 | 0400 000f | 8799 0000 

  0x000001f68036f660: ;   {metadata({method} {0x000001f68f434fb8} 'defineClass' '(Ljava/lang/String;[BIILjava/security/ProtectionDomain;)Ljava/lang/Class;' in 'java/lang/ClassLoader')}
  0x000001f68036f660: 00c3 49ba | b04f 438f | f601 0000 | 4c89 5424 | 0848 c704 | 24ff ffff 

  0x000001f68036f678: ;   {runtime_call counter_overflow Runtime1 stub}
  0x000001f68036f678: ffe8 0266 

  0x000001f68036f67c: ; ImmutableOopMap {rdx=Oop r8=Oop r9=Oop rcx=Oop [120]=Oop }
                      ;*synchronization entry
                      ; - java.lang.ClassLoader::defineClass@-1
  0x000001f68036f67c: 2c07 e987 

  0x000001f68036f680: ;   {metadata({method} {0x000001f68f434ca0} 'defineClassSourceLocation' '(Ljava/security/ProtectionDomain;)Ljava/lang/String;' in 'java/lang/ClassLoader')}
  0x000001f68036f680: fcff ff49 | ba98 4c43 | 8ff6 0100 | 004c 8954 | 2408 48c7 | 0424 ffff 

  0x000001f68036f698: ;   {runtime_call counter_overflow Runtime1 stub}
  0x000001f68036f698: ffff e8e1 

  0x000001f68036f69c: ; ImmutableOopMap {rax=Oop [120]=Oop [128]=Oop [136]=Oop [152]=Oop }
                      ;*synchronization entry
                      ; - java.lang.ClassLoader::defineClassSourceLocation@-1
                      ; - java.lang.ClassLoader::defineClass@12
  0x000001f68036f69c: 652c 07e9 | 00fd ffff 

  0x000001f68036f6a4: ;   {runtime_call throw_null_pointer_exception Runtime1 stub}
  0x000001f68036f6a4: e857 2923 

  0x000001f68036f6a8: ; ImmutableOopMap {rax=Oop [120]=Oop [128]=Oop [136]=Oop [152]=Oop }
                      ;*invokevirtual getCodeSource {reexecute=0 rethrow=0 return_oop=0}
                      ; - java.lang.ClassLoader::defineClassSourceLocation@1
                      ; - java.lang.ClassLoader::defineClass@12
                      ;   {runtime_call throw_null_pointer_exception Runtime1 stub}
  0x000001f68036f6a8: 07e8 5229 

  0x000001f68036f6ac: ; ImmutableOopMap {rax=Oop r8=Oop [120]=Oop [128]=Oop [136]=Oop [152]=Oop }
                      ;*invokevirtual getLocation {reexecute=0 rethrow=0 return_oop=0}
                      ; - java.lang.ClassLoader::defineClassSourceLocation@12
                      ; - java.lang.ClassLoader::defineClass@12
                      ;   {runtime_call throw_null_pointer_exception Runtime1 stub}
  0x000001f68036f6ac: 2307 e84d 

  0x000001f68036f6b0: ; ImmutableOopMap {rdx=Oop [120]=Oop [128]=Oop [136]=Oop [152]=Oop }
                      ;*invokevirtual toString {reexecute=0 rethrow=0 return_oop=0}
                      ; - java.lang.ClassLoader::defineClassSourceLocation@22
                      ; - java.lang.ClassLoader::defineClass@12
                      ;   {metadata({method} {0x000001f68f01abf0} 'toString' '()Ljava/lang/String;' in 'java/net/URL')}
  0x000001f68036f6b0: 2923 0749 | bae8 ab01 | 8ff6 0100 | 004c 8954 | 2408 48c7 | 0424 ffff 

  0x000001f68036f6c8: ;   {runtime_call counter_overflow Runtime1 stub}
  0x000001f68036f6c8: ffff e8b1 

  0x000001f68036f6cc: ; ImmutableOopMap {rdx=Oop [120]=Oop [128]=Oop [136]=Oop [152]=Oop }
                      ;*synchronization entry
                      ; - java.net.URL::toString@-1
                      ; - java.lang.ClassLoader::defineClassSourceLocation@22
                      ; - java.lang.ClassLoader::defineClass@12
  0x000001f68036f6cc: 652c 07e9 | d7fd ffff 

  0x000001f68036f6d4: ;   {metadata({method} {0x000001f68f428840} 'toExternalForm' '()Ljava/lang/String;' in 'java/net/URL')}
  0x000001f68036f6d4: 49ba 3888 | 428f f601 | 0000 4c89 | 5424 0848 | c704 24ff 

  0x000001f68036f6e8: ;   {runtime_call counter_overflow Runtime1 stub}
  0x000001f68036f6e8: ffff ffe8 

  0x000001f68036f6ec: ; ImmutableOopMap {rdx=Oop [120]=Oop [128]=Oop [136]=Oop [152]=Oop }
                      ;*synchronization entry
                      ; - java.net.URL::toExternalForm@-1
                      ; - java.net.URL::toString@1
                      ; - java.lang.ClassLoader::defineClassSourceLocation@22
                      ; - java.lang.ClassLoader::defineClass@12
  0x000001f68036f6ec: 9065 2c07 | e9f4 fdff 

  0x000001f68036f6f4: ;   {runtime_call throw_null_pointer_exception Runtime1 stub}
  0x000001f68036f6f4: ffe8 0629 

  0x000001f68036f6f8: ; ImmutableOopMap {rdx=Oop rsi=Oop [120]=Oop [128]=Oop [136]=Oop [152]=Oop }
                      ;*invokevirtual toExternalForm {reexecute=0 rethrow=0 return_oop=0}
                      ; - java.net.URL::toExternalForm@5
                      ; - java.net.URL::toString@1
                      ; - java.lang.ClassLoader::defineClassSourceLocation@22
                      ; - java.lang.ClassLoader::defineClass@12
                      ;   {internal_word}
  0x000001f68036f6f8: 2307 49ba | 54f6 3680 | f601 0000 | 4d89 9768 

  0x000001f68036f708: ;   {runtime_call SafepointBlob}
  0x000001f68036f708: 0400 00e9 | f053 2107 | 498b 8700 | 0500 0049 | c787 0005 | 0000 0000 | 0000 49c7 | 8708 0500 
  0x000001f68036f728: 0000 0000 | 0048 81c4 | b000 0000 

  0x000001f68036f734: ;   {runtime_call unwind_exception Runtime1 stub}
  0x000001f68036f734: 5de9 c637 | 2307 f4f4 | f4f4 f4f4 
[Stub Code]
  0x000001f68036f740: ;   {no_reloc}
  0x000001f68036f740: 0f1f 4400 

  0x000001f68036f744: ;   {static_stub}
  0x000001f68036f744: 0048 bb00 | 0000 0000 

  0x000001f68036f74c: ;   {runtime_call nmethod}
  0x000001f68036f74c: 0000 00e9 | fbff ffff 

  0x000001f68036f754: ;   {static_stub}
  0x000001f68036f754: 48bb 0000 | 0000 0000 

  0x000001f68036f75c: ;   {runtime_call nmethod}
  0x000001f68036f75c: 0000 e9fb 

  0x000001f68036f760: ;   {static_stub}
  0x000001f68036f760: ffff ff48 | bb00 0000 | 0000 0000 

  0x000001f68036f76c: ;   {runtime_call nmethod}
  0x000001f68036f76c: 00e9 fbff 

  0x000001f68036f770: ;   {static_stub}
  0x000001f68036f770: ffff 48bb | 0000 0000 | 0000 0000 

  0x000001f68036f77c: ;   {runtime_call nmethod}
  0x000001f68036f77c: e9fb ffff 

  0x000001f68036f780: ;   {runtime_call handle_exception_from_callee Runtime1 stub}
  0x000001f68036f780: ffe8 7a0a 

  0x000001f68036f784: ;   {external_word}
  0x000001f68036f784: 2307 48b9 | 5063 1017 | f87f 0000 | 4883 e4f0 

  0x000001f68036f794: ;   {runtime_call}
  0x000001f68036f794: 48b8 c0c9 | d216 f87f | 0000 ffd0 

  0x000001f68036f7a0: ;   {section_word}
  0x000001f68036f7a0: f449 baa1 | f736 80f6 | 0100 0041 

  0x000001f68036f7ac: ;   {runtime_call DeoptimizationBlob}
  0x000001f68036f7ac: 52e9 ee45 | 2107 f4f4 | f4f4 f4f4 
[/MachCode]


Compiled method (c1) 8000 1140       3       java.security.AccessController::executePrivileged (65 bytes)
 total in heap  [0x000001f6801d4190,0x000001f6801d4780] = 1520
 relocation     [0x000001f6801d42f0,0x000001f6801d4358] = 104
 main code      [0x000001f6801d4360,0x000001f6801d4608] = 680
 stub code      [0x000001f6801d4608,0x000001f6801d4660] = 88
 metadata       [0x000001f6801d4660,0x000001f6801d4670] = 16
 scopes data    [0x000001f6801d4670,0x000001f6801d46e8] = 120
 scopes pcs     [0x000001f6801d46e8,0x000001f6801d4768] = 128
 dependencies   [0x000001f6801d4768,0x000001f6801d4770] = 8
 nul chk table  [0x000001f6801d4770,0x000001f6801d4780] = 16

[Constant Pool (empty)]

[MachCode]
[Verified Entry Point]
  # {method} {0x000001f68f470a30} 'executePrivileged' '(Ljava/security/PrivilegedExceptionAction;Ljava/security/AccessControlContext;Ljava/lang/Class;)Ljava/lang/Object;' in 'java/security/AccessController'
  # parm0:    rdx:rdx   = 'java/security/PrivilegedExceptionAction'
  # parm1:    r8:r8     = 'java/security/AccessControlContext'
  # parm2:    r9:r9     = 'java/lang/Class'
  #           [sp+0x50]  (sp of caller)
  0x000001f6801d4360: 8984 2400 | 80ff ff55 | 4883 ec40 | 4181 7f20 | 0100 0000 

  0x000001f6801d4374: ;   {runtime_call StubRoutines (final stubs)}
  0x000001f6801d4374: 7405 e865 | 4639 074c | 8944 2430 

  0x000001f6801d4380: ;   {metadata(method data for {method} {0x000001f68f470a30} 'executePrivileged' '(Ljava/security/PrivilegedExceptionAction;Ljava/security/AccessControlContext;Ljava/lang/Class;)Ljava/lang/Object;' in 'java/security/AccessController')}
  0x000001f6801d4380: 48be 706d | 32f9 f601 | 0000 8bbe | cc00 0000 | 83c7 0289 | becc 0000 | 0081 e7fe | 0700 0085 
  0x000001f6801d43a0: ff0f 84bf | 0100 004d 

  0x000001f6801d43a8: ;   {metadata(method data for {method} {0x000001f68f470a30} 'executePrivileged' '(Ljava/security/PrivilegedExceptionAction;Ljava/security/AccessControlContext;Ljava/lang/Class;)Ljava/lang/Object;' in 'java/security/AccessController')}
  0x000001f6801d43a8: 85c0 48be | 706d 32f9 | f601 0000 | 48c7 c710 | 0100 0074 | 0748 c7c7 | 2001 0000 | 488b 1c3e 
  0x000001f6801d43c8: 488d 5b01 | 4889 1c3e | 4c89 4c24 | 2848 8954 | 2420 0f84 | 2400 0000 

  0x000001f6801d43e0: ;   {metadata(method data for {method} {0x000001f68f470a30} 'executePrivileged' '(Ljava/security/PrivilegedExceptionAction;Ljava/security/AccessControlContext;Ljava/lang/Class;)Ljava/lang/Object;' in 'java/security/AccessController')}
  0x000001f6801d43e0: 48be 706d | 32f9 f601 | 0000 4883 | 8630 0100 | 0001 498b 

  0x000001f6801d43f4: ;   {static_call}
  0x000001f6801d43f4: d066 90e8 

  0x000001f6801d43f8: ; ImmutableOopMap {[32]=Oop [40]=Oop [48]=Oop }
                      ;*invokestatic ensureMaterializedForStackWalk {reexecute=0 rethrow=0 return_oop=0}
                      ; - java.security.AccessController::executePrivileged@5
  0x000001f6801d43f8: e4aa 9607 

  0x000001f6801d43fc: ;   {other}
  0x000001f6801d43fc: 0f1f 8400 | 6c02 0000 

  0x000001f6801d4404: ;   {metadata(method data for {method} {0x000001f68f470a30} 'executePrivileged' '(Ljava/security/PrivilegedExceptionAction;Ljava/security/AccessControlContext;Ljava/lang/Class;)Ljava/lang/Object;' in 'java/security/AccessController')}
  0x000001f6801d4404: 48ba 706d | 32f9 f601 | 0000 ff82 | 4001 0000 | 488b 5424 | 2048 3b02 

  0x000001f6801d441c: ;   {metadata(method data for {method} {0x000001f68f470a30} 'executePrivileged' '(Ljava/security/PrivilegedExceptionAction;Ljava/security/AccessControlContext;Ljava/lang/Class;)Ljava/lang/Object;' in 'java/security/AccessController')}
  0x000001f6801d441c: 488b f248 | bf70 6d32 | f9f6 0100 | 008b 7608 | 49ba 0000 | 008f f601 | 0000 4903 | f248 3bb7 
  0x000001f6801d443c: b001 0000 | 750d 4883 | 87b8 0100 | 0001 e960 | 0000 0048 | 3bb7 c001 | 0000 750d | 4883 87c8 
  0x000001f6801d445c: 0100 0001 | e94a 0000 | 0048 83bf | b001 0000 | 0075 1748 | 89b7 b001 | 0000 48c7 | 87b8 0100 
  0x000001f6801d447c: 0001 0000 | 00e9 2900 | 0000 4883 | bfc0 0100 | 0000 7517 | 4889 b7c0 | 0100 0048 | c787 c801 
  0x000001f6801d449c: 0000 0100 | 0000 e908 | 0000 0048 | 8387 a001 | 0000 0166 | 0f1f 4400 | 0048 b8c0 | 9399 f8f6 
  0x000001f6801d44bc: ;   {virtual_call}
  0x000001f6801d44bc: 0100 00e8 

  0x000001f6801d44c0: ; ImmutableOopMap {[40]=Oop [48]=Oop }
                      ;*invokeinterface run {reexecute=0 rethrow=0 return_oop=0}
                      ; - java.security.AccessController::executePrivileged@29
  0x000001f6801d44c0: 4c58 4607 

  0x000001f6801d44c4: ;   {other}
  0x000001f6801d44c4: 0f1f 8400 | 3403 0001 

  0x000001f6801d44cc: ;   {metadata(method data for {method} {0x000001f68f470a30} 'executePrivileged' '(Ljava/security/PrivilegedExceptionAction;Ljava/security/AccessControlContext;Ljava/lang/Class;)Ljava/lang/Object;' in 'java/security/AccessController')}
  0x000001f6801d44cc: 48be 706d | 32f9 f601 | 0000 ff86 | d801 0000 | 4c8b 4c24 

  0x000001f6801d44e0: ;   {metadata(method data for {method} {0x000001f68f470a30} 'executePrivileged' '(Ljava/security/PrivilegedExceptionAction;Ljava/security/AccessControlContext;Ljava/lang/Class;)Ljava/lang/Object;' in 'java/security/AccessController')}
  0x000001f6801d44e0: 2848 be70 | 6d32 f9f6 | 0100 0048 | 8386 3802 

  0x000001f6801d44f0: ;   {metadata(method data for {method} {0x000001f68f03dbd0} 'reachabilityFence' '(Ljava/lang/Object;)V' in 'java/lang/ref/Reference')}
  0x000001f6801d44f0: 0000 0148 | be88 f905 | f9f6 0100 | 008b becc | 0000 0083 | c702 89be | cc00 0000 | 81e7 feff 
  0x000001f6801d4510: 1f00 85ff | 0f84 7200 

  0x000001f6801d4518: ;   {metadata(method data for {method} {0x000001f68f470a30} 'executePrivileged' '(Ljava/security/PrivilegedExceptionAction;Ljava/security/AccessControlContext;Ljava/lang/Class;)Ljava/lang/Object;' in 'java/security/AccessController')}
  0x000001f6801d4518: 0000 48be | 706d 32f9 | f601 0000 | 4883 8648 | 0200 0001 

  0x000001f6801d452c: ;   {metadata(method data for {method} {0x000001f68f03dbd0} 'reachabilityFence' '(Ljava/lang/Object;)V' in 'java/lang/ref/Reference')}
  0x000001f6801d452c: 48be 88f9 | 05f9 f601 | 0000 8bbe | cc00 0000 | 83c7 0289 | becc 0000 | 0081 e7fe | ff1f 0085 
  0x000001f6801d454c: ff0f 845a | 0000 0048 | 83c4 405d 

  0x000001f6801d4558: ;   {poll_return}
  0x000001f6801d4558: 493b a750 | 0400 000f | 8766 0000 

  0x000001f6801d4564: ;   {metadata({method} {0x000001f68f470a30} 'executePrivileged' '(Ljava/security/PrivilegedExceptionAction;Ljava/security/AccessControlContext;Ljava/lang/Class;)Ljava/lang/Object;' in 'java/security/AccessController')}
  0x000001f6801d4564: 00c3 49ba | 280a 478f | f601 0000 | 4c89 5424 | 0848 c704 | 24ff ffff 

  0x000001f6801d457c: ;   {runtime_call counter_overflow Runtime1 stub}
  0x000001f6801d457c: ffe8 fe16 

  0x000001f6801d4580: ; ImmutableOopMap {rdx=Oop r8=Oop r9=Oop [48]=Oop }
                      ;*synchronization entry
                      ; - java.security.AccessController::executePrivileged@-1
  0x000001f6801d4580: 4607 e920 

  0x000001f6801d4584: ;   {runtime_call throw_null_pointer_exception Runtime1 stub}
  0x000001f6801d4584: feff ffe8 

  0x000001f6801d4588: ; ImmutableOopMap {rdx=Oop [40]=Oop [48]=Oop }
                      ;*invokeinterface run {reexecute=0 rethrow=0 return_oop=0}
                      ; - java.security.AccessController::executePrivileged@29
  0x000001f6801d4588: 74da 3c07 

  0x000001f6801d458c: ;   {metadata({method} {0x000001f68f03dbd0} 'reachabilityFence' '(Ljava/lang/Object;)V' in 'java/lang/ref/Reference')}
  0x000001f6801d458c: 49ba c8db | 038f f601 | 0000 4c89 | 5424 0848 | c704 24ff 

  0x000001f6801d45a0: ;   {runtime_call counter_overflow Runtime1 stub}
  0x000001f6801d45a0: ffff ffe8 

  0x000001f6801d45a4: ; ImmutableOopMap {rax=Oop r9=Oop }
                      ;*synchronization entry
                      ; - java.lang.ref.Reference::reachabilityFence@-1
                      ; - java.security.AccessController::executePrivileged@56
  0x000001f6801d45a4: d816 4607 | e96d ffff 

  0x000001f6801d45ac: ;   {metadata({method} {0x000001f68f03dbd0} 'reachabilityFence' '(Ljava/lang/Object;)V' in 'java/lang/ref/Reference')}
  0x000001f6801d45ac: ff49 bac8 | db03 8ff6 | 0100 004c | 8954 2408 | 48c7 0424 | ffff ffff 

  0x000001f6801d45c4: ;   {runtime_call counter_overflow Runtime1 stub}
  0x000001f6801d45c4: e8b7 1646 

  0x000001f6801d45c8: ; ImmutableOopMap {rax=Oop }
                      ;*synchronization entry
                      ; - java.lang.ref.Reference::reachabilityFence@-1
                      ; - java.security.AccessController::executePrivileged@60
                      ;   {internal_word}
  0x000001f6801d45c8: 07eb 8849 | ba58 451d | 80f6 0100 | 004d 8997 | 6804 0000 

  0x000001f6801d45dc: ;   {runtime_call SafepointBlob}
  0x000001f6801d45dc: e91f 053b | 0749 8b87 | 0005 0000 | 49c7 8700 | 0500 0000 | 0000 0049 | c787 0805 | 0000 0000 
  0x000001f6801d45fc: 0000 4883 

  0x000001f6801d4600: ;   {runtime_call unwind_exception Runtime1 stub}
  0x000001f6801d4600: c440 5de9 | f8e8 3c07 
[Stub Code]
  0x000001f6801d4608: ;   {no_reloc}
  0x000001f6801d4608: 0f1f 4400 

  0x000001f6801d460c: ;   {static_stub}
  0x000001f6801d460c: 0048 bb00 | 0000 0000 

  0x000001f6801d4614: ;   {runtime_call nmethod}
  0x000001f6801d4614: 0000 00e9 | fbff ffff 

  0x000001f6801d461c: ;   {static_stub}
  0x000001f6801d461c: 48bb a808 | 478f f601 

  0x000001f6801d4624: ;   {runtime_call I2C/C2I adapters}
  0x000001f6801d4624: 0000 e9b8 

  0x000001f6801d4628: ;   {runtime_call handle_exception_from_callee Runtime1 stub}
  0x000001f6801d4628: 953a 07e8 | d0bb 3c07 

  0x000001f6801d4630: ;   {external_word}
  0x000001f6801d4630: 48b9 5063 | 1017 f87f | 0000 4883 

  0x000001f6801d463c: ;   {runtime_call}
  0x000001f6801d463c: e4f0 48b8 | c0c9 d216 | f87f 0000 

  0x000001f6801d4648: ;   {section_word}
  0x000001f6801d4648: ffd0 f449 | ba4b 461d | 80f6 0100 

  0x000001f6801d4654: ;   {runtime_call DeoptimizationBlob}
  0x000001f6801d4654: 0041 52e9 | 44f7 3a07 | f4f4 f4f4 
[/MachCode]


---------------  P R O C E S S  ---------------

Threads class SMR info:
_java_thread_list=0x000001f6f8b26a70, length=15, elements={
0x000001f6efc2dc10, 0x000001f6efb1b260, 0x000001f6efb1d960, 0x000001f6efb1fea0,
0x000001f6efb20b00, 0x000001f6efb23040, 0x000001f6efb25ab0, 0x000001f6efb26840,
0x000001f6efba3300, 0x000001f6f82a62a0, 0x000001f6f8438220, 0x000001f6f86e7a40,
0x000001f6f8d23cd0, 0x000001f6f8c35f00, 0x000001f6f8c36c10
}

Java Threads: ( => current thread )
  0x000001f6efc2dc10 JavaThread "main"                              [_thread_blocked, id=2496, stack(0x0000000c46c00000,0x0000000c46d00000) (1024K)]
  0x000001f6efb1b260 JavaThread "Reference Handler"          daemon [_thread_blocked, id=23784, stack(0x0000000c47000000,0x0000000c47100000) (1024K)]
  0x000001f6efb1d960 JavaThread "Finalizer"                  daemon [_thread_blocked, id=23604, stack(0x0000000c47100000,0x0000000c47200000) (1024K)]
  0x000001f6efb1fea0 JavaThread "Signal Dispatcher"          daemon [_thread_blocked, id=13120, stack(0x0000000c47200000,0x0000000c47300000) (1024K)]
  0x000001f6efb20b00 JavaThread "Attach Listener"            daemon [_thread_blocked, id=28616, stack(0x0000000c47300000,0x0000000c47400000) (1024K)]
  0x000001f6efb23040 JavaThread "Service Thread"             daemon [_thread_blocked, id=29564, stack(0x0000000c47400000,0x0000000c47500000) (1024K)]
  0x000001f6efb25ab0 JavaThread "Monitor Deflation Thread"   daemon [_thread_blocked, id=9240, stack(0x0000000c47500000,0x0000000c47600000) (1024K)]
  0x000001f6efb26840 JavaThread "C2 CompilerThread0"         daemon [_thread_blocked, id=9236, stack(0x0000000c47600000,0x0000000c47700000) (1024K)]
  0x000001f6efba3300 JavaThread "C1 CompilerThread0"         daemon [_thread_blocked, id=16828, stack(0x0000000c47700000,0x0000000c47800000) (1024K)]
  0x000001f6f82a62a0 JavaThread "Common-Cleaner"             daemon [_thread_blocked, id=2104, stack(0x0000000c47800000,0x0000000c47900000) (1024K)]
  0x000001f6f8438220 JavaThread "Notification Thread"        daemon [_thread_blocked, id=8504, stack(0x0000000c47900000,0x0000000c47a00000) (1024K)]
  0x000001f6f86e7a40 JavaThread "Active Thread: Equinox Container: 438846df-9a99-4833-84cb-54ddd3c71706"        [_thread_blocked, id=1672, stack(0x0000000c47d00000,0x0000000c47e00000) (1024K)]
  0x000001f6f8d23cd0 JavaThread "Refresh Thread: Equinox Container: 438846df-9a99-4833-84cb-54ddd3c71706" daemon [_thread_blocked, id=8632, stack(0x0000000c47e00000,0x0000000c47f00000) (1024K)]
  0x000001f6f8c35f00 JavaThread "Framework Event Dispatcher: Equinox Container: 438846df-9a99-4833-84cb-54ddd3c71706" daemon [_thread_blocked, id=4144, stack(0x0000000c47f00000,0x0000000c48000000) (1024K)]
=>0x000001f6f8c36c10 JavaThread "Start Level: Equinox Container: 438846df-9a99-4833-84cb-54ddd3c71706" daemon [_thread_in_vm, id=19604, stack(0x0000000c48000000,0x0000000c48100000) (1024K)]
Total: 15

Other Threads:
  0x000001f6efced2d0 VMThread "VM Thread"                           [id=2960, stack(0x0000000c46f00000,0x0000000c47000000) (1024K)]
  0x000001f6efabca00 WatcherThread "VM Periodic Task Thread"        [id=27140, stack(0x0000000c46e00000,0x0000000c46f00000) (1024K)]
  0x000001f6efc4be50 WorkerThread "GC Thread#0"                     [id=11184, stack(0x0000000c46d00000,0x0000000c46e00000) (1024K)]
  0x000001f6f89ca7c0 WorkerThread "GC Thread#1"                     [id=15064, stack(0x0000000c47a00000,0x0000000c47b00000) (1024K)]
  0x000001f6f8713570 WorkerThread "GC Thread#2"                     [id=19544, stack(0x0000000c47b00000,0x0000000c47c00000) (1024K)]
  0x000001f6f8713920 WorkerThread "GC Thread#3"                     [id=16208, stack(0x0000000c47c00000,0x0000000c47d00000) (1024K)]
Total: 6

Threads with active compile tasks:
Total: 0

VM state: not at safepoint (normal execution)

VM Mutex/Monitor currently owned by a thread:  ([mutex/lock_event])
[0x00007ff8173bd530] Metaspace_lock - owner thread: 0x000001f6f8c36c10

Heap address: 0x0000000080000000, size: 2048 MB, Compressed Oops mode: 32-bit

CDS archive(s) mapped at: [0x000001f68f000000-0x000001f68fba0000-0x000001f68fba0000), size 12189696, SharedBaseAddress: 0x000001f68f000000, ArchiveRelocationMode: 1.
Compressed class space mapped at: 0x000001f690000000-0x000001f6d0000000, reserved size: 1073741824
Narrow klass base: 0x000001f68f000000, Narrow klass shift: 0, Narrow klass range: 0x100000000

GC Precious Log:
 CardTable entry size: 512
 CPUs: 4 total, 4 available
 Memory: 3870M
 Large Page Support: Disabled
 NUMA Support: Disabled
 Compressed Oops: Enabled (32-bit)
 Alignments: Space 512K, Generation 512K, Heap 2M
 Heap Min Capacity: 100M
 Heap Initial Capacity: 100M
 Heap Max Capacity: 2G
 Pre-touch: Disabled
 Parallel Workers: 4

Heap:
 PSYoungGen      total 29696K, used 15038K [0x00000000d5580000, 0x00000000d7680000, 0x0000000100000000)
  eden space 25600K, 42% used [0x00000000d5580000,0x00000000d6031d08,0x00000000d6e80000)
  from space 4096K, 99% used [0x00000000d7280000,0x00000000d767dea8,0x00000000d7680000)
  to   space 4096K, 0% used [0x00000000d6e80000,0x00000000d6e80000,0x00000000d7280000)
 ParOldGen       total 68608K, used 2022K [0x0000000080000000, 0x0000000084300000, 0x00000000d5580000)
  object space 68608K, 2% used [0x0000000080000000,0x00000000801f9830,0x0000000084300000)
 Metaspace       used 9345K, committed 9664K, reserved 1114112K
  class space    used 1003K, committed 1152K, reserved 1048576K

Card table byte_map: [0x000001f6ef5d0000,0x000001f6ef9e0000] _byte_map_base: 0x000001f6ef1d0000

Marking Bits: (ParMarkBitMap*) 0x00007ff8173c44a0
 Begin Bits: [0x000001f6f30e0000, 0x000001f6f50e0000)
 End Bits:   [0x000001f6f50e0000, 0x000001f6f70e0000)

Polling page: 0x000001f6eda40000

Metaspace:

Usage:
  Non-class:      8.15 MB used.
      Class:   1003.83 KB used.
       Both:      9.13 MB used.

Virtual space:
  Non-class space:       64.00 MB reserved,       8.31 MB ( 13%) committed,  1 nodes.
      Class space:        1.00 GB reserved,       1.12 MB ( <1%) committed,  1 nodes.
             Both:        1.06 GB reserved,       9.44 MB ( <1%) committed. 

Chunk freelists:
   Non-Class:  6.74 MB
       Class:  14.79 MB
        Both:  21.53 MB

MaxMetaspaceSize: unlimited
CompressedClassSpaceSize: 1.00 GB
Initial GC threshold: 21.00 MB
Current GC threshold: 21.00 MB
CDS: on
 - commit_granule_bytes: 65536.
 - commit_granule_words: 8192.
 - virtual_space_node_default_size: 8388608.
 - enlarge_chunks_in_place: 1.
 - use_allocation_guard: 0.


Internal statistics:

num_allocs_failed_limit: 0.
num_arena_births: 256.
num_arena_deaths: 0.
num_vsnodes_births: 2.
num_vsnodes_deaths: 0.
num_space_committed: 151.
num_space_uncommitted: 0.
num_chunks_returned_to_freelist: 0.
num_chunks_taken_from_freelist: 503.
num_chunk_merges: 0.
num_chunk_splits: 325.
num_chunks_enlarged: 213.
num_inconsistent_stats: 0.

CodeHeap 'non-profiled nmethods': size=120000Kb used=833Kb max_used=833Kb free=119166Kb
 bounds [0x000001f687ad0000, 0x000001f687d40000, 0x000001f68f000000]
CodeHeap 'profiled nmethods': size=120000Kb used=3758Kb max_used=3758Kb free=116241Kb
 bounds [0x000001f680000000, 0x000001f6803b0000, 0x000001f687530000]
CodeHeap 'non-nmethods': size=5760Kb used=1223Kb max_used=1245Kb free=4537Kb
 bounds [0x000001f687530000, 0x000001f6877a0000, 0x000001f687ad0000]
CodeCache: size=245760Kb, used=5814Kb, max_used=5836Kb, free=239944Kb
 total_blobs=2505, nmethods=2013, adapters=399, full_count=0
Compilation: enabled, stopped_count=0, restarted_count=0

Compilation events (20 events):
Event: 7.739 Thread 0x000001f6efba3300 nmethod 2007 0x000001f6803a7e10 code [0x000001f6803a7fe0, 0x000001f6803a83d0]
Event: 7.739 Thread 0x000001f6efba3300 2004       3       java.util.regex.Matcher::checkMatch (19 bytes)
Event: 7.740 Thread 0x000001f6efba3300 nmethod 2004 0x000001f6803a8590 code [0x000001f6803a8760, 0x000001f6803a8a30]
Event: 7.740 Thread 0x000001f6efba3300 2005       3       java.util.regex.Matcher::hasMatch (13 bytes)
Event: 7.740 Thread 0x000001f6efba3300 nmethod 2005 0x000001f6803a8b90 code [0x000001f6803a8d20, 0x000001f6803a8e80]
Event: 7.740 Thread 0x000001f6efba3300 2008       3       java.util.regex.Matcher::find (69 bytes)
Event: 7.741 Thread 0x000001f6efb26840 2012       4       java.util.regex.Pattern$$Lambda/0x800000028::is (9 bytes)
Event: 7.741 Thread 0x000001f6efba3300 nmethod 2008 0x000001f6803a8f10 code [0x000001f6803a90e0, 0x000001f6803a93b8]
Event: 7.741 Thread 0x000001f6efba3300 2011       3       java.util.regex.Matcher::end (9 bytes)
Event: 7.742 Thread 0x000001f6efba3300 nmethod 2011 0x000001f6803a9490 code [0x000001f6803a9660, 0x000001f6803a9998]
Event: 7.742 Thread 0x000001f6efba3300 2009       3       java.lang.String::subSequence (7 bytes)
Event: 7.742 Thread 0x000001f6efb26840 nmethod 2012 0x000001f687b9e790 code [0x000001f687b9e920, 0x000001f687b9e9c0]
Event: 7.742 Thread 0x000001f6efba3300 nmethod 2009 0x000001f6803a9b10 code [0x000001f6803a9cc0, 0x000001f6803a9df8]
Event: 7.742 Thread 0x000001f6efba3300 2010       3       java.util.regex.Matcher::start (9 bytes)
Event: 7.743 Thread 0x000001f6efb26840 2013       4       java.util.regex.Pattern$BmpCharPropertyGreedy::match (89 bytes)
Event: 7.743 Thread 0x000001f6efba3300 nmethod 2010 0x000001f6803a9e90 code [0x000001f6803aa060, 0x000001f6803aa398]
Event: 7.744 Thread 0x000001f6efba3300 2015       3       java.util.ImmutableCollections$SetN::<init> (90 bytes)
Event: 7.745 Thread 0x000001f6efba3300 nmethod 2015 0x000001f6803aa510 code [0x000001f6803aa7c0, 0x000001f6803ab458]
Event: 7.750 Thread 0x000001f6efb26840 nmethod 2013 0x000001f687b9ea90 code [0x000001f687b9ec60, 0x000001f687b9f148]
Event: 7.750 Thread 0x000001f6efb26840 2014       4       java.util.regex.Matcher::search (154 bytes)

GC Heap History (4 events):
Event: 5.280 GC heap before
{Heap before GC invocations=1 (full 0):
 PSYoungGen      total 29696K, used 25600K [0x00000000d5580000, 0x00000000d7680000, 0x0000000100000000)
  eden space 25600K, 100% used [0x00000000d5580000,0x00000000d6e80000,0x00000000d6e80000)
  from space 4096K, 0% used [0x00000000d7280000,0x00000000d7280000,0x00000000d7680000)
  to   space 4096K, 0% used [0x00000000d6e80000,0x00000000d6e80000,0x00000000d7280000)
 ParOldGen       total 68608K, used 0K [0x0000000080000000, 0x0000000084300000, 0x00000000d5580000)
  object space 68608K, 0% used [0x0000000080000000,0x0000000080000000,0x0000000084300000)
 Metaspace       used 4330K, committed 4544K, reserved 1114112K
  class space    used 474K, committed 576K, reserved 1048576K
}
Event: 5.291 GC heap after
{Heap after GC invocations=1 (full 0):
 PSYoungGen      total 29696K, used 3287K [0x00000000d5580000, 0x00000000d7680000, 0x0000000100000000)
  eden space 25600K, 0% used [0x00000000d5580000,0x00000000d5580000,0x00000000d6e80000)
  from space 4096K, 80% used [0x00000000d6e80000,0x00000000d71b5ea8,0x00000000d7280000)
  to   space 4096K, 0% used [0x00000000d7280000,0x00000000d7280000,0x00000000d7680000)
 ParOldGen       total 68608K, used 16K [0x0000000080000000, 0x0000000084300000, 0x00000000d5580000)
  object space 68608K, 0% used [0x0000000080000000,0x0000000080004000,0x0000000084300000)
 Metaspace       used 4330K, committed 4544K, reserved 1114112K
  class space    used 474K, committed 576K, reserved 1048576K
}
Event: 6.768 GC heap before
{Heap before GC invocations=2 (full 0):
 PSYoungGen      total 29696K, used 28887K [0x00000000d5580000, 0x00000000d7680000, 0x0000000100000000)
  eden space 25600K, 100% used [0x00000000d5580000,0x00000000d6e80000,0x00000000d6e80000)
  from space 4096K, 80% used [0x00000000d6e80000,0x00000000d71b5ea8,0x00000000d7280000)
  to   space 4096K, 0% used [0x00000000d7280000,0x00000000d7280000,0x00000000d7680000)
 ParOldGen       total 68608K, used 16K [0x0000000080000000, 0x0000000084300000, 0x00000000d5580000)
  object space 68608K, 0% used [0x0000000080000000,0x0000000080004000,0x0000000084300000)
 Metaspace       used 8022K, committed 8256K, reserved 1114112K
  class space    used 833K, committed 960K, reserved 1048576K
}
Event: 6.796 GC heap after
{Heap after GC invocations=2 (full 0):
 PSYoungGen      total 29696K, used 4087K [0x00000000d5580000, 0x00000000d7680000, 0x0000000100000000)
  eden space 25600K, 0% used [0x00000000d5580000,0x00000000d5580000,0x00000000d6e80000)
  from space 4096K, 99% used [0x00000000d7280000,0x00000000d767dea8,0x00000000d7680000)
  to   space 4096K, 0% used [0x00000000d6e80000,0x00000000d6e80000,0x00000000d7280000)
 ParOldGen       total 68608K, used 2022K [0x0000000080000000, 0x0000000084300000, 0x00000000d5580000)
  object space 68608K, 2% used [0x0000000080000000,0x00000000801f9830,0x0000000084300000)
 Metaspace       used 8022K, committed 8256K, reserved 1114112K
  class space    used 833K, committed 960K, reserved 1048576K
}

Dll operation events (18 events):
Event: 0.054 Attempting to load shared library c:\Users\shubh\.vscode\extensions\redhat.java-1.56.0-win32-x64\jre\21.0.12.1-win32-x86_64\bin\java.dll
Event: 0.054 Loaded shared library c:\Users\shubh\.vscode\extensions\redhat.java-1.56.0-win32-x64\jre\21.0.12.1-win32-x86_64\bin\java.dll
Event: 0.766 Attempting to load shared library c:\Users\shubh\.vscode\extensions\redhat.java-1.56.0-win32-x64\jre\21.0.12.1-win32-x86_64\bin\zip.dll
Event: 0.767 Loaded shared library c:\Users\shubh\.vscode\extensions\redhat.java-1.56.0-win32-x64\jre\21.0.12.1-win32-x86_64\bin\zip.dll
Event: 0.828 Attempting to load shared library C:\Users\shubh\.vscode\extensions\redhat.java-1.56.0-win32-x64\jre\21.0.12.1-win32-x86_64\bin\instrument.dll
Event: 0.828 Loaded shared library C:\Users\shubh\.vscode\extensions\redhat.java-1.56.0-win32-x64\jre\21.0.12.1-win32-x86_64\bin\instrument.dll
Event: 0.838 Attempting to load shared library C:\Users\shubh\.vscode\extensions\redhat.java-1.56.0-win32-x64\jre\21.0.12.1-win32-x86_64\bin\net.dll
Event: 0.847 Loaded shared library C:\Users\shubh\.vscode\extensions\redhat.java-1.56.0-win32-x64\jre\21.0.12.1-win32-x86_64\bin\net.dll
Event: 0.877 Attempting to load shared library C:\Users\shubh\.vscode\extensions\redhat.java-1.56.0-win32-x64\jre\21.0.12.1-win32-x86_64\bin\nio.dll
Event: 0.884 Loaded shared library C:\Users\shubh\.vscode\extensions\redhat.java-1.56.0-win32-x64\jre\21.0.12.1-win32-x86_64\bin\nio.dll
Event: 0.891 Attempting to load shared library C:\Users\shubh\.vscode\extensions\redhat.java-1.56.0-win32-x64\jre\21.0.12.1-win32-x86_64\bin\zip.dll
Event: 0.891 Loaded shared library C:\Users\shubh\.vscode\extensions\redhat.java-1.56.0-win32-x64\jre\21.0.12.1-win32-x86_64\bin\zip.dll
Event: 0.924 Attempting to load shared library C:\Users\shubh\.vscode\extensions\redhat.java-1.56.0-win32-x64\jre\21.0.12.1-win32-x86_64\bin\jimage.dll
Event: 0.924 Loaded shared library C:\Users\shubh\.vscode\extensions\redhat.java-1.56.0-win32-x64\jre\21.0.12.1-win32-x86_64\bin\jimage.dll
Event: 2.402 Attempting to load shared library c:\Users\shubh\.vscode\extensions\redhat.java-1.56.0-win32-x64\jre\21.0.12.1-win32-x86_64\bin\verify.dll
Event: 2.403 Loaded shared library c:\Users\shubh\.vscode\extensions\redhat.java-1.56.0-win32-x64\jre\21.0.12.1-win32-x86_64\bin\verify.dll
Event: 6.919 Attempting to load shared library C:\Users\shubh\AppData\Roaming\Code\User\globalStorage\redhat.java\1.56.0\config_win\org.eclipse.equinox.launcher\org.eclipse.equinox.launcher.win32.win32.x86_64_1.3.100.v20260804-1928\eclipse_11924.dll
Event: 7.153 Loaded shared library C:\Users\shubh\AppData\Roaming\Code\User\globalStorage\redhat.java\1.56.0\config_win\org.eclipse.equinox.launcher\org.eclipse.equinox.launcher.win32.win32.x86_64_1.3.100.v20260804-1928\eclipse_11924.dll

Deoptimization events (20 events):
Event: 7.080 Thread 0x000001f6f8d23cd0 DEOPT PACKING pc=0x000001f687b08374 sp=0x0000000c47efef40
Event: 7.080 Thread 0x000001f6f8d23cd0 DEOPT UNPACKING pc=0x000001f687583aa2 sp=0x0000000c47efeed8 mode 2
Event: 7.218 Thread 0x000001f6f8c36c10 Uncommon trap: trap_request=0xffffff6e fr.pc=0x000001f687b4afe8 relative=0x00000000000003a8
Event: 7.218 Thread 0x000001f6f8c36c10 Uncommon trap: reason=loop_limit_check action=maybe_recompile pc=0x000001f687b4afe8 method=java.lang.StringLatin1.indexOf([BI[BII)I @ 37 c2
Event: 7.218 Thread 0x000001f6f8c36c10 DEOPT PACKING pc=0x000001f687b4afe8 sp=0x0000000c480fcee0
Event: 7.218 Thread 0x000001f6f8c36c10 DEOPT UNPACKING pc=0x000001f687583aa2 sp=0x0000000c480fce40 mode 2
Event: 7.315 Thread 0x000001f6f8c36c10 Uncommon trap: trap_request=0xffffff45 fr.pc=0x000001f687b66798 relative=0x0000000000000078
Event: 7.315 Thread 0x000001f6f8c36c10 Uncommon trap: reason=unstable_if action=reinterpret pc=0x000001f687b66798 method=java.io.BufferedInputStream.getBufIfOpen(Z)[B @ 13 c2
Event: 7.315 Thread 0x000001f6f8c36c10 DEOPT PACKING pc=0x000001f687b66798 sp=0x0000000c480fde20
Event: 7.315 Thread 0x000001f6f8c36c10 DEOPT UNPACKING pc=0x000001f687583aa2 sp=0x0000000c480fdd48 mode 2
Event: 7.318 Thread 0x000001f6f8c36c10 Uncommon trap: trap_request=0xffffff45 fr.pc=0x000001f687b40c44 relative=0x0000000000000e84
Event: 7.318 Thread 0x000001f6f8c36c10 Uncommon trap: reason=unstable_if action=reinterpret pc=0x000001f687b40c44 method=java.lang.String.<init>(Ljava/nio/charset/Charset;[BII)V @ 6 c2
Event: 7.318 Thread 0x000001f6f8c36c10 DEOPT PACKING pc=0x000001f687b40c44 sp=0x0000000c480fdd70
Event: 7.318 Thread 0x000001f6f8c36c10 DEOPT UNPACKING pc=0x000001f687583aa2 sp=0x0000000c480fdd40 mode 2
Event: 7.378 Thread 0x000001f6f8c36c10 Uncommon trap: trap_request=0xffffff45 fr.pc=0x000001f687b555b4 relative=0x0000000000000094
Event: 7.378 Thread 0x000001f6f8c36c10 Uncommon trap: reason=unstable_if action=reinterpret pc=0x000001f687b555b4 method=java.io.BufferedInputStream.getBufIfOpen(Z)[B @ 13 c2
Event: 7.378 Thread 0x000001f6f8c36c10 DEOPT PACKING pc=0x000001f687b555b4 sp=0x0000000c480fdcc0
Event: 7.378 Thread 0x000001f6f8c36c10 DEOPT UNPACKING pc=0x000001f687583aa2 sp=0x0000000c480fdc50 mode 2
Event: 7.428 Thread 0x000001f6f8c36c10 DEOPT PACKING pc=0x000001f68005cd2f sp=0x0000000c480fdcf0
Event: 7.428 Thread 0x000001f6f8c36c10 DEOPT UNPACKING pc=0x000001f687584242 sp=0x0000000c480fd210 mode 0

Classes loaded (20 events):
Event: 7.640 Loading class sun/util/logging/resources/logging_en_IN
Event: 7.640 Loading class sun/util/logging/resources/logging_en_IN done
Event: 7.656 Loading class java/util/Formatter$DateTime
Event: 7.656 Loading class java/util/Formatter$DateTime done
Event: 7.656 Loading class java/util/Formatter$FixedString
Event: 7.656 Loading class java/util/Formatter$FixedString done
Event: 7.665 Loading class java/time/ZonedDateTime$1
Event: 7.666 Loading class java/time/ZonedDateTime$1 done
Event: 7.712 Loading class jdk/internal/module/ModulePatcher$PatchedModuleReader
Event: 7.718 Loading class jdk/internal/module/ModulePatcher$PatchedModuleReader done
Event: 7.752 Loading class sun/util/resources/LocaleData$CommonResourceBundleProvider
Event: 7.752 Loading class sun/util/resources/LocaleData$LocaleDataResourceBundleProvider
Event: 7.752 Loading class java/util/spi/ResourceBundleProvider
Event: 7.753 Loading class java/util/spi/ResourceBundleProvider done
Event: 7.753 Loading class sun/util/resources/LocaleData$LocaleDataResourceBundleProvider done
Event: 7.753 Loading class sun/util/resources/LocaleData$CommonResourceBundleProvider done
Event: 7.763 Loading class sun/text/resources/cldr/FormatData_en
Event: 7.767 Loading class sun/text/resources/cldr/FormatData_en done
Event: 7.769 Loading class sun/util/resources/Bundles$2
Event: 7.770 Loading class sun/util/resources/Bundles$2 done

Classes unloaded (0 events):
No events

Classes redefined (0 events):
No events

Internal exceptions (20 events):
Event: 5.314 Thread 0x000001f6efc2dc10 Exception <a 'java/lang/ClassNotFoundException'{0x00000000d55cfd90}: sun/net/www/protocol/c/Handler> (0x00000000d55cfd90) 
thrown [s\src\hotspot\share\classfile\systemDictionary.cpp, line 313]
Event: 5.315 Thread 0x000001f6efc2dc10 Exception <a 'java/lang/ClassNotFoundException'{0x00000000d55d1100}: sun/net/www/protocol/c/Handler> (0x00000000d55d1100) 
thrown [s\src\hotspot\share\classfile\systemDictionary.cpp, line 313]
Event: 5.315 Thread 0x000001f6efc2dc10 Exception <a 'java/lang/ClassNotFoundException'{0x00000000d55d2298}: sun/net/www/protocol/c/Handler> (0x00000000d55d2298) 
thrown [s\src\hotspot\share\classfile\systemDictionary.cpp, line 313]
Event: 5.334 Thread 0x000001f6efc2dc10 Exception <a 'java/io/FileNotFoundException'{0x00000000d55fb788}> (0x00000000d55fb788) 
thrown [s\src\hotspot\share\prims\jni.cpp, line 520]
Event: 5.420 Thread 0x000001f6efc2dc10 Exception <a 'java/lang/NoSuchMethodError'{0x00000000d5730240}: 'void java.lang.invoke.DirectMethodHandle$Holder.invokeStatic(java.lang.Object, java.lang.Object, java.lang.Object, java.lang.Object)'> (0x00000000d5730240) 
thrown [s\src\hotspot\share\interpreter\linkResolver.cpp, line 773]
Event: 5.633 Thread 0x000001f6efc2dc10 Exception <a 'java/lang/NoSuchMethodError'{0x00000000d5a1c7d0}: 'void java.lang.invoke.DirectMethodHandle$Holder.invokeSpecial(java.lang.Object, java.lang.Object, java.lang.Object)'> (0x00000000d5a1c7d0) 
thrown [s\src\hotspot\share\interpreter\linkResolver.cpp, line 773]
Event: 6.102 Thread 0x000001f6efc2dc10 Exception <a 'java/lang/NoSuchMethodError'{0x00000000d64859b8}: 'int java.lang.invoke.DirectMethodHandle$Holder.invokeVirtual(java.lang.Object, java.lang.Object)'> (0x00000000d64859b8) 
thrown [s\src\hotspot\share\interpreter\linkResolver.cpp, line 773]
Event: 6.239 Thread 0x000001f6efc2dc10 Exception <a 'java/lang/NoSuchMethodError'{0x00000000d65ffaa8}: 'int java.lang.invoke.DirectMethodHandle$Holder.invokeStaticInit(java.lang.Object, java.lang.Object, java.lang.Object, java.lang.Object)'> (0x00000000d65ffaa8) 
thrown [s\src\hotspot\share\interpreter\linkResolver.cpp, line 773]
Event: 6.241 Thread 0x000001f6efc2dc10 Exception <a 'java/lang/IncompatibleClassChangeError'{0x00000000d6608190}: Found class java.lang.Object, but interface was expected> (0x00000000d6608190) 
thrown [s\src\hotspot\share\interpreter\linkResolver.cpp, line 840]
Event: 6.242 Thread 0x000001f6efc2dc10 Exception <a 'java/lang/NoSuchMethodError'{0x00000000d660e720}: 'void java.lang.invoke.DirectMethodHandle$Holder.invokeStaticInit(java.lang.Object, java.lang.Object)'> (0x00000000d660e720) 
thrown [s\src\hotspot\share\interpreter\linkResolver.cpp, line 773]
Event: 6.246 Thread 0x000001f6efc2dc10 Exception <a 'java/lang/NoSuchMethodError'{0x00000000d66178f8}: 'int java.lang.invoke.DirectMethodHandle$Holder.invokeStaticInit(java.lang.Object, java.lang.Object)'> (0x00000000d66178f8) 
thrown [s\src\hotspot\share\interpreter\linkResolver.cpp, line 773]
Event: 6.334 Thread 0x000001f6efc2dc10 Exception <a 'java/lang/NoSuchMethodError'{0x00000000d6863508}: 'java.lang.Object java.lang.invoke.DirectMethodHandle$Holder.newInvokeSpecial(java.lang.Object, int, java.lang.Object)'> (0x00000000d6863508) 
thrown [s\src\hotspot\share\interpreter\linkResolver.cpp, line 773]
Event: 6.417 Thread 0x000001f6efc2dc10 Exception <a 'java/lang/ClassNotFoundException'{0x00000000d6a81118}: sun/net/www/protocol/plurl/Handler> (0x00000000d6a81118) 
thrown [s\src\hotspot\share\classfile\systemDictionary.cpp, line 313]
Event: 6.417 Thread 0x000001f6efc2dc10 Exception <a 'java/lang/ClassNotFoundException'{0x00000000d6a81f98}: sun/net/www/protocol/plurl/Handler> (0x00000000d6a81f98) 
thrown [s\src\hotspot\share\classfile\systemDictionary.cpp, line 313]
Event: 6.906 Thread 0x000001f6efc2dc10 Exception <a 'java/lang/UnsatisfiedLinkError'{0x00000000d5609eb0}: 'void org.eclipse.equinox.launcher.JNIBridge._update_splash()'> (0x00000000d5609eb0) 
thrown [s\src\hotspot\share\prims\nativeLookup.cpp, line 415]
Event: 7.173 Thread 0x000001f6f8d23cd0 Exception <a 'java/lang/NoSuchMethodError'{0x00000000d58e8200}: 'void java.lang.invoke.DirectMethodHandle$Holder.invokeInterface(java.lang.Object, java.lang.Object, java.lang.Object)'> (0x00000000d58e8200) 
thrown [s\src\hotspot\share\interpreter\linkResolver.cpp, line 773]
Event: 7.411 Thread 0x000001f6f8c36c10 Exception <a 'java/lang/NoSuchMethodError'{0x00000000d5cb90a0}: 'java.lang.Object java.lang.invoke.DirectMethodHandle$Holder.newInvokeSpecial(java.lang.Object, java.lang.Object, int, java.lang.Object)'> (0x00000000d5cb90a0) 
thrown [s\src\hotspot\share\interpreter\linkResolver.cpp, line 773]
Event: 7.412 Thread 0x000001f6f8c36c10 Exception <a 'java/lang/NoSuchMethodError'{0x00000000d5cbced0}: 'java.lang.Object java.lang.invoke.DirectMethodHandle$Holder.invokeSpecial(java.lang.Object, java.lang.Object, java.lang.Object, int, java.lang.Object)'> (0x00000000d5cbced0) 
thrown [s\src\hotspot\share\interpreter\linkResolver.cpp, line 773]
Event: 7.442 Thread 0x000001f6f8c36c10 Exception <a 'java/lang/NoClassDefFoundError'{0x00000000d5d639e8}: jakarta/servlet/ServletContainerInitializer> (0x00000000d5d639e8) 
thrown [s\src\hotspot\share\classfile\systemDictionary.cpp, line 302]
Event: 7.631 Thread 0x000001f6f8c36c10 Exception <a 'java/lang/ClassNotFoundException'{0x00000000d5eb7eb0}: sun/util/logging/resources/spi/loggingProvider> (0x00000000d5eb7eb0) 
thrown [s\src\hotspot\share\classfile\systemDictionary.cpp, line 313]

ZGC Phase Switch (0 events):
No events

VM Operations (20 events):
Event: 4.518 Executing non-safepoint VM operation: HandshakeAllThreads (Deoptimize)
Event: 4.518 Executing non-safepoint VM operation: HandshakeAllThreads (Deoptimize) done
Event: 4.580 Executing non-safepoint VM operation: HandshakeAllThreads (Deoptimize)
Event: 4.580 Executing non-safepoint VM operation: HandshakeAllThreads (Deoptimize) done
Event: 5.280 Executing safepoint VM operation: ParallelGCFailedAllocation (Allocation Failure)
Event: 5.291 Executing safepoint VM operation: ParallelGCFailedAllocation (Allocation Failure) done
Event: 6.294 Executing non-safepoint VM operation: HandshakeAllThreads (Deoptimize)
Event: 6.294 Executing non-safepoint VM operation: HandshakeAllThreads (Deoptimize) done
Event: 6.294 Executing safepoint VM operation: Cleanup
Event: 6.294 Executing safepoint VM operation: Cleanup done
Event: 6.312 Executing non-safepoint VM operation: HandshakeAllThreads (Deoptimize)
Event: 6.312 Executing non-safepoint VM operation: HandshakeAllThreads (Deoptimize) done
Event: 6.405 Executing non-safepoint VM operation: HandshakeAllThreads (Deoptimize)
Event: 6.405 Executing non-safepoint VM operation: HandshakeAllThreads (Deoptimize) done
Event: 6.768 Executing safepoint VM operation: ParallelGCFailedAllocation (Allocation Failure)
Event: 6.796 Executing safepoint VM operation: ParallelGCFailedAllocation (Allocation Failure) done
Event: 7.569 Executing non-safepoint VM operation: HandshakeAllThreads (Deoptimize)
Event: 7.569 Executing non-safepoint VM operation: HandshakeAllThreads (Deoptimize) done
Event: 7.719 Executing non-safepoint VM operation: HandshakeAllThreads (Deoptimize)
Event: 7.719 Executing non-safepoint VM operation: HandshakeAllThreads (Deoptimize) done

Memory protections (0 events):
No events

Nmethod flushes (0 events):
No events

Events (19 events):
Event: 0.091 Thread 0x000001f6efc2dc10 Thread added: 0x000001f6efc2dc10
Event: 0.132 Thread 0x000001f6efc2dc10 Thread added: 0x000001f6efb1b260
Event: 0.133 Thread 0x000001f6efc2dc10 Thread added: 0x000001f6efb1d960
Event: 0.133 Thread 0x000001f6efc2dc10 Thread added: 0x000001f6efb1fea0
Event: 0.133 Thread 0x000001f6efc2dc10 Thread added: 0x000001f6efb20b00
Event: 0.133 Thread 0x000001f6efc2dc10 Thread added: 0x000001f6efb23040
Event: 0.134 Thread 0x000001f6efc2dc10 Thread added: 0x000001f6efb25ab0
Event: 0.134 Thread 0x000001f6efc2dc10 Thread added: 0x000001f6efb26840
Event: 0.152 Thread 0x000001f6efc2dc10 Thread added: 0x000001f6efba3300
Event: 0.834 Thread 0x000001f6efc2dc10 Thread added: 0x000001f6f82a62a0
Event: 2.084 Thread 0x000001f6efba3300 Thread added: 0x000001f6f83b12b0
Event: 2.335 Thread 0x000001f6f83b12b0 Thread exited: 0x000001f6f83b12b0
Event: 2.383 Thread 0x000001f6efb26840 Thread added: 0x000001f6f83b34e0
Event: 2.533 Thread 0x000001f6f83b34e0 Thread exited: 0x000001f6f83b34e0
Event: 3.824 Thread 0x000001f6efc2dc10 Thread added: 0x000001f6f8438220
Event: 6.271 Thread 0x000001f6efc2dc10 Thread added: 0x000001f6f86e7a40
Event: 6.896 Thread 0x000001f6efc2dc10 Thread added: 0x000001f6f8d23cd0
Event: 7.179 Thread 0x000001f6f8d23cd0 Thread added: 0x000001f6f8c35f00
Event: 7.192 Thread 0x000001f6efc2dc10 Thread added: 0x000001f6f8c36c10


Dynamic libraries:
0x00007ff72f6a0000 - 0x00007ff72f6ae000 	c:\Users\shubh\.vscode\extensions\redhat.java-1.56.0-win32-x64\jre\21.0.12.1-win32-x86_64\bin\java.exe
0x00007ff883a40000 - 0x00007ff883ca7000 	C:\WINDOWS\SYSTEM32\ntdll.dll
0x00007ff883680000 - 0x00007ff88374b000 	C:\WINDOWS\System32\KERNEL32.DLL
0x00007ff880fa0000 - 0x00007ff8813a1000 	C:\WINDOWS\System32\KERNELBASE.dll
0x00007ff880cd0000 - 0x00007ff880e1c000 	C:\WINDOWS\System32\ucrtbase.dll
0x00007ff861380000 - 0x00007ff861398000 	c:\Users\shubh\.vscode\extensions\redhat.java-1.56.0-win32-x64\jre\21.0.12.1-win32-x86_64\bin\jli.dll
0x00007ff883750000 - 0x00007ff883927000 	C:\WINDOWS\System32\USER32.dll
0x00007ff8815a0000 - 0x00007ff8815c7000 	C:\WINDOWS\System32\win32u.dll
0x00007ff8825a0000 - 0x00007ff8825cb000 	C:\WINDOWS\System32\GDI32.dll
0x00007ff881470000 - 0x00007ff881598000 	C:\WINDOWS\System32\gdi32full.dll
0x00007ff880e30000 - 0x00007ff880ed3000 	C:\WINDOWS\System32\msvcp_win.dll
0x00007ff8553c0000 - 0x00007ff8553de000 	c:\Users\shubh\.vscode\extensions\redhat.java-1.56.0-win32-x64\jre\21.0.12.1-win32-x86_64\bin\VCRUNTIME140.dll
0x00007ff871270000 - 0x00007ff871500000 	C:\WINDOWS\WinSxS\amd64_microsoft.windows.common-controls_6595b64144ccf1df_6.0.26100.9472_none_3e0da410e32f98dd\COMCTL32.dll
0x00007ff8824f0000 - 0x00007ff882599000 	C:\WINDOWS\System32\msvcrt.dll
0x00007ff882e00000 - 0x00007ff882e31000 	C:\WINDOWS\System32\IMM32.DLL
0x00007ff871c60000 - 0x00007ff871c6c000 	c:\Users\shubh\.vscode\extensions\redhat.java-1.56.0-win32-x64\jre\21.0.12.1-win32-x86_64\bin\vcruntime140_1.dll
0x00007ff82e300000 - 0x00007ff82e38d000 	c:\Users\shubh\.vscode\extensions\redhat.java-1.56.0-win32-x64\jre\21.0.12.1-win32-x86_64\bin\msvcp140.dll
0x00007ff816700000 - 0x00007ff8174a2000 	c:\Users\shubh\.vscode\extensions\redhat.java-1.56.0-win32-x64\jre\21.0.12.1-win32-x86_64\bin\server\jvm.dll
0x00007ff883930000 - 0x00007ff8839eb000 	C:\WINDOWS\System32\ADVAPI32.dll
0x00007ff8818b0000 - 0x00007ff881958000 	C:\WINDOWS\System32\sechost.dll
0x00007ff882750000 - 0x00007ff882868000 	C:\WINDOWS\System32\RPCRT4.dll
0x00007ff8819b0000 - 0x00007ff881a31000 	C:\WINDOWS\System32\WS2_32.dll
0x00007ff880a00000 - 0x00007ff880a5e000 	C:\WINDOWS\SYSTEM32\POWRPROF.dll
0x00007ff863ae0000 - 0x00007ff863b17000 	C:\WINDOWS\SYSTEM32\WINMM.dll
0x00007ff86b870000 - 0x00007ff86b87b000 	C:\WINDOWS\SYSTEM32\VERSION.dll
0x00007ff8809e0000 - 0x00007ff8809f5000 	C:\WINDOWS\SYSTEM32\UMPDC.dll
0x00007ff87f820000 - 0x00007ff87f83b000 	C:\WINDOWS\SYSTEM32\kernel.appcore.dll
0x00007ff870a80000 - 0x00007ff870a8a000 	c:\Users\shubh\.vscode\extensions\redhat.java-1.56.0-win32-x64\jre\21.0.12.1-win32-x86_64\bin\jimage.dll
0x00007ff86b9d0000 - 0x00007ff86bc1c000 	C:\WINDOWS\SYSTEM32\DBGHELP.DLL
0x00007ff883020000 - 0x00007ff8833aa000 	C:\WINDOWS\System32\combase.dll
0x00007ff8825e0000 - 0x00007ff8826b9000 	C:\WINDOWS\System32\OLEAUT32.dll
0x00007ff85ecb0000 - 0x00007ff85eceb000 	C:\WINDOWS\SYSTEM32\dbgcore.DLL
0x00007ff8813b0000 - 0x00007ff88145c000 	C:\WINDOWS\System32\bcryptPrimitives.dll
0x00007ff870890000 - 0x00007ff87089f000 	c:\Users\shubh\.vscode\extensions\redhat.java-1.56.0-win32-x64\jre\21.0.12.1-win32-x86_64\bin\instrument.dll
0x00007ff8515d0000 - 0x00007ff8515f0000 	c:\Users\shubh\.vscode\extensions\redhat.java-1.56.0-win32-x64\jre\21.0.12.1-win32-x86_64\bin\java.dll
0x00007ff881b70000 - 0x00007ff88230e000 	C:\WINDOWS\System32\SHELL32.dll
0x00007ff87e5d0000 - 0x00007ff87ee7d000 	C:\WINDOWS\SYSTEM32\windows.storage.dll
0x00007ff8833e0000 - 0x00007ff8834db000 	C:\WINDOWS\System32\SHCORE.dll
0x00007ff882d90000 - 0x00007ff882df6000 	C:\WINDOWS\System32\shlwapi.dll
0x00007ff880b50000 - 0x00007ff880b79000 	C:\WINDOWS\SYSTEM32\profapi.dll
0x00007ff84ece0000 - 0x00007ff84ecf8000 	c:\Users\shubh\.vscode\extensions\redhat.java-1.56.0-win32-x64\jre\21.0.12.1-win32-x86_64\bin\zip.dll
0x00007ff866390000 - 0x00007ff8663a0000 	C:\Users\shubh\.vscode\extensions\redhat.java-1.56.0-win32-x64\jre\21.0.12.1-win32-x86_64\bin\net.dll
0x00007ff86f800000 - 0x00007ff86f92a000 	C:\WINDOWS\SYSTEM32\WINHTTP.dll
0x00007ff87fe10000 - 0x00007ff87fe7c000 	C:\WINDOWS\system32\mswsock.dll
0x00007ff830bd0000 - 0x00007ff830be6000 	C:\Users\shubh\.vscode\extensions\redhat.java-1.56.0-win32-x64\jre\21.0.12.1-win32-x86_64\bin\nio.dll
0x00007ff861220000 - 0x00007ff861230000 	c:\Users\shubh\.vscode\extensions\redhat.java-1.56.0-win32-x64\jre\21.0.12.1-win32-x86_64\bin\verify.dll
0x00007ff82e040000 - 0x00007ff82e085000 	C:\Users\shubh\AppData\Roaming\Code\User\globalStorage\redhat.java\1.56.0\config_win\org.eclipse.equinox.launcher\org.eclipse.equinox.launcher.win32.win32.x86_64_1.3.100.v20260804-1928\eclipse_11924.dll
0x00007ff8834e0000 - 0x00007ff88367a000 	C:\WINDOWS\System32\ole32.dll

JVMTI agents:
c:\Users\shubh\.vscode\extensions\redhat.java-1.56.0-win32-x64\lombok\lombok-1.18.39-4050.jar path:c:\Users\shubh\.vscode\extensions\redhat.java-1.56.0-win32-x64\jre\21.0.12.1-win32-x86_64\bin\instrument.dll, loaded, initialized, instrumentlib options:none

dbghelp: loaded successfully - version: 4.0.5 - missing functions: none
symbol engine: initialized successfully - sym options: 0x614 - pdb path: .;c:\Users\shubh\.vscode\extensions\redhat.java-1.56.0-win32-x64\jre\21.0.12.1-win32-x86_64\bin;C:\WINDOWS\SYSTEM32;C:\WINDOWS\WinSxS\amd64_microsoft.windows.common-controls_6595b64144ccf1df_6.0.26100.9472_none_3e0da410e32f98dd;c:\Users\shubh\.vscode\extensions\redhat.java-1.56.0-win32-x64\jre\21.0.12.1-win32-x86_64\bin\server;C:\Users\shubh\AppData\Roaming\Code\User\globalStorage\redhat.java\1.56.0\config_win\org.eclipse.equinox.launcher\org.eclipse.equinox.launcher.win32.win32.x86_64_1.3.100.v20260804-1928

VM Arguments:
jvm_args: --add-modules=ALL-SYSTEM --add-opens=java.base/java.util=ALL-UNNAMED --add-opens=java.base/java.lang=ALL-UNNAMED --add-opens=java.base/sun.nio.fs=ALL-UNNAMED -Declipse.application=org.eclipse.jdt.ls.core.id1 -Dosgi.bundles.defaultStartLevel=4 -Declipse.product=org.eclipse.jdt.ls.core.product -Djava.import.generatesMetadataFilesAtProjectRoot=false -Dm2e.project.cache.size=50 -DDetectVMInstallationsJob.disabled=true -Dfile.encoding=utf8 -XX:+UseParallelGC -XX:GCTimeRatio=4 -XX:AdaptiveSizePolicyWeight=90 -Dsun.zip.disableMemoryMapping=true -Xmx2G -Xms100m -Xlog:disable -javaagent:c:\Users\shubh\.vscode\extensions\redhat.java-1.56.0-win32-x64\lombok\lombok-1.18.39-4050.jar -XX:+HeapDumpOnOutOfMemoryError -XX:HeapDumpPath=c:\Users\shubh\AppData\Roaming\Code\User\workspaceStorage\12dc6e6ea3342a5ba1499b86eaddf661\redhat.java -Daether.dependencyCollector.impl=bf 
java_command: c:\Users\shubh\.vscode\extensions\redhat.java-1.56.0-win32-x64\server\plugins\org.eclipse.equinox.launcher_1.8.0.v20260804-1928.jar -configuration c:\Users\shubh\AppData\Roaming\Code\User\globalStorage\redhat.java\1.56.0\config_win -data c:\Users\shubh\AppData\Roaming\Code\User\workspaceStorage\12dc6e6ea3342a5ba1499b86eaddf661\redhat.java\jdt_ws --stdio
java_class_path (initial): c:\Users\shubh\.vscode\extensions\redhat.java-1.56.0-win32-x64\server\plugins\org.eclipse.equinox.launcher_1.8.0.v20260804-1928.jar
Launcher Type: SUN_STANDARD

[Global flags]
    uintx AdaptiveSizePolicyWeight                 = 90                                        {product} {command line}
     intx CICompilerCount                          = 3                                         {product} {ergonomic}
    uintx GCTimeRatio                              = 4                                         {product} {command line}
     bool HeapDumpOnOutOfMemoryError               = true                                   {manageable} {command line}
    ccstr HeapDumpPath                             = c:\Users\shubh\AppData\Roaming\Code\User\workspaceStorage\12dc6e6ea3342a5ba1499b86eaddf661\redhat.java         {manageable} {command line}
   size_t InitialHeapSize                          = 104857600                                 {product} {command line}
   size_t MaxHeapSize                              = 2147483648                                {product} {command line}
   size_t MaxNewSize                               = 715653120                                 {product} {ergonomic}
   size_t MinHeapDeltaBytes                        = 524288                                    {product} {ergonomic}
   size_t MinHeapSize                              = 104857600                                 {product} {command line}
   size_t NewSize                                  = 34603008                                  {product} {ergonomic}
    uintx NonNMethodCodeHeapSize                   = 5832780                                {pd product} {ergonomic}
    uintx NonProfiledCodeHeapSize                  = 122912730                              {pd product} {ergonomic}
   size_t OldSize                                  = 70254592                                  {product} {ergonomic}
    uintx ProfiledCodeHeapSize                     = 122912730                              {pd product} {ergonomic}
    uintx ReservedCodeCacheSize                    = 251658240                              {pd product} {ergonomic}
     bool SegmentedCodeCache                       = true                                      {product} {ergonomic}
   size_t SoftMaxHeapSize                          = 2147483648                             {manageable} {ergonomic}
     bool UseCompressedOops                        = true                           {product lp64_product} {ergonomic}
     bool UseLargePagesIndividualAllocation        = false                                  {pd product} {ergonomic}
     bool UseParallelGC                            = true                                      {product} {command line}

Logging:
Log output configuration:
 #0: stdout all=off uptime,level,tags foldmultilines=false
 #1: stderr all=off uptime,level,tags foldmultilines=false

Release file:
JAVA_VERSION="21.0.12.1" 
MODULES="java.base java.compiler java.datatransfer java.xml java.prefs java.desktop java.instrument java.logging java.management java.security.sasl java.naming java.rmi java.management.rmi java.net.http java.scripting java.security.jgss java.transaction.xa java.sql java.sql.rowset java.xml.crypto java.se java.smartcardio jdk.accessibility jdk.internal.jvmstat jdk.attach jdk.charsets jdk.internal.opt jdk.zipfs jdk.compiler jdk.crypto.ec jdk.crypto.cryptoki jdk.crypto.mscapi jdk.dynalink jdk.internal.ed jdk.editpad jdk.hotspot.agent jdk.httpserver jdk.internal.le jdk.internal.vm.ci jdk.internal.vm.compiler jdk.internal.vm.compiler.management jdk.jartool jdk.javadoc jdk.jcmd jdk.management jdk.management.agent jdk.jconsole jdk.jdeps jdk.jdwp.agent jdk.jdi jdk.jfr jdk.jshell jdk.jsobject jdk.jstatd jdk.localedata jdk.management.jfr jdk.naming.dns jdk.naming.rmi jdk.net jdk.nio.mapmode jdk.random jdk.sctp jdk.security.auth jdk.security.jgss jdk.unsupported jdk.unsupported.desktop jdk.xml.dom" 

Environment Variables:
PATH=C:\Program Files\Common Files\Oracle\Java\javapath;C:\Program Files\Python312\Scripts\;C:\Program Files\Python312\;VSCodeUserSetup-x64-1.82.2.exe;C:\MinGW\bin;C:\WINDOWS\system32;C:\WINDOWS;C:\WINDOWS\System32\Wbem;C:\WINDOWS\System32\WindowsPowerShell\v1.0\;C:\WINDOWS\System32\OpenSSH\;C:\apache-maven-3.9.15\bin;C:\Program Files\nodejs\;C:\Users\shubh\AppData\Local\Programs\Python\Python37\Scripts\;C:\Users\shubh\AppData\Local\Programs\Python\Python37\;C:\Users\shubh\AppData\Local\Programs\Python\Python39\Scripts\;C:\Users\shubh\AppData\Local\Programs\Python\Python39\;C:\Users\shubh\AppData\Local\Programs\Python\Python311\Scripts\;C:\Users\shubh\AppData\Local\Programs\Python\Python311\;C:\MinGW\bin;C:\Users\shubh\AppData\Local\Microsoft\WindowsApps;C:\Users\shubh\AppData\Local\Programs\Microsoft VS Code\bin;C:\Users\shubh\AppData\Local\Programs\Git\cmd;C:\Users\shubh\AppData\Local\GitHubDesktop\bin;C:\Users\shubh\AppData\Roaming\npm;C:\Program Files\nodejs\;
USERNAME=Gauri
OS=Windows_NT
PROCESSOR_IDENTIFIER=Intel64 Family 6 Model 142 Stepping 12, GenuineIntel
TMP=C:\Users\shubh\AppData\Local\Temp
TEMP=C:\Users\shubh\AppData\Local\Temp




Periodic native trim disabled

---------------  S Y S T E M  ---------------

OS:
 Windows 11 , 64 bit Build 26100 (10.0.26100.9472)
OS uptime: 3 days 1:45 hours
Hyper-V role detected

CPU: total 4 (initial active 4) (2 cores per cpu, 2 threads per core) family 6 model 142 stepping 12 microcode 0x100, cx8, cmov, fxsr, ht, mmx, 3dnowpref, sse, sse2, sse3, ssse3, sse4.1, sse4.2, popcnt, lzcnt, tsc, tscinvbit, avx, avx2, aes, erms, clmul, bmi1, bmi2, adx, fma, vzeroupper, clflush, clflushopt, hv, rdtscp, f16c
Processor Information for the first 4 processors :
  Max Mhz: 2601, Current Mhz: 1800, Mhz Limit: 2601

Memory: 4k page, system-wide physical 3870M (423M free)
TotalPageFile size 15646M (AvailPageFile size 37M)
current process WorkingSet (physical memory assigned to process): 101M, peak: 101M
current process commit charge ("private bytes"): 233M, peak: 233M

vm_info: OpenJDK 64-Bit Server VM (21.0.12.1+1-LTS) for windows-amd64 JRE (21.0.12.1+1-LTS), built on 2026-08-18T00:00:00Z by "admin" with MS VC++ 17.12 (VS2022)

END.
